<html>
<body>
<pre>
<h1>µVision Build Log</h1>
<h2>Tool Versions:</h2>
IDE-Version: ¦ÌVision V5.34.0.0
Copyright (C) 2021 ARM Ltd and ARM Germany GmbH. All rights reserved.
License Information: ad dell, aa, LIC=JL28G-VH0TH-X7QRZ-JHBHI-K6DJ6-DYQQ7
 
Tool Versions:
Toolchain:       MDK-ARM Plus  Version: 5.34.0.0
Toolchain Path:  E:\keil5\ARM\ARMCC\Bin
C Compiler:      Armcc.exe V5.06 update 7 (build 960)
Assembler:       Armasm.exe V5.06 update 7 (build 960)
Linker/Locator:  ArmLink.exe V5.06 update 7 (build 960)
Library Manager: ArmAr.exe V5.06 update 7 (build 960)
Hex Converter:   FromElf.exe V5.06 update 7 (build 960)
CPU DLL:         SARMCM3.DLL V5.34.0.0
Dialog DLL:      DCM.DLL V1.17.3.0
Target DLL:      CMSIS_AGDI.dll V1.32.13.0
Dialog DLL:      TCM.DLL V1.48.0.0
 
<h2>Project:</h2>
C:\Users\dell\Desktop\7.24ÖÐÎç (2)\7.22ÖÐÎç\USER\2021ROBOCON.uvprojx
Project File Date:  07/17/2021

<h2>Output:</h2>
*** Using Compiler 'V5.06 update 7 (build 960)', folder: 'E:\keil5\ARM\ARMCC\Bin'
Build target 'PR'
compiling bsp.c...
..\SYSTEM\usart\usart.h(44): warning:  #1295-D: Deprecated declaration RpiLidar_Task - give arg types
  void RpiLidar_Task();
..\HARDWARE\task\task.h(51): warning:  #1295-D: Deprecated declaration Back - give arg types
  void Back();
..\HARDWARE\task\task.h(52): warning:  #1295-D: Deprecated declaration Index1_Shoot - give arg types
  void Index1_Shoot();
..\HARDWARE\task\task.h(53): warning:  #1295-D: Deprecated declaration Index2_Shoot - give arg types
  void Index2_Shoot();
..\HARDWARE\bsp\bsp.c(75): warning:  #177-D: function "Zero_Init"  was declared but never referenced
  static void Zero_Init(void)
..\HARDWARE\bsp\bsp.c(90): warning:  #177-D: function "One_Init"  was declared but never referenced
  static void One_Init(void)
..\HARDWARE\bsp\bsp.c: 6 warnings, 0 errors
linking...
Program Size: Code=41076 RO-data=6588 RW-data=464 ZI-data=3856  
"..\OBJ\2020ROBOCON.axf" - 0 Error(s), 6 Warning(s).

<h2>Software Packages used:</h2>

Package Vendor: Keil
                http://www.keil.com/pack/Keil.STM32F4xx_DFP.2.7.0.pack
                Keil.STM32F4xx_DFP.2.7.0
                STMicroelectronics STM32F4 Series Device Support, Drivers and Examples

<h2>Collection of Component include folders:</h2>
  E:\keil5\Keil\STM32F4xx_DFP\2.7.0\Drivers\CMSIS\Device\ST\STM32F4xx\Include

<h2>Collection of Component Files used:</h2>
Build Time Elapsed:  00:00:03
</pre>
</body>
</html>
