<html>
<body>
<pre>
<h1>礦ision Build Log</h1>
<h2>Tool Versions:</h2>
IDE-Version: μVision V5.27.1.0
Copyright (C) 2019 ARM Ltd and ARM Germany GmbH. All rights reserved.
License Information: hahahah hahaha, haha, LIC=GE7DL-0JP1V-24DSS-L9045-NH0EC-9Z8J0
 
Tool Versions:
Toolchain:       MDK-ARM Professional  Version: 5.32.0.0
Toolchain Path:  D:\Keil_v5\ARM\ARMCC\Bin
C Compiler:      Armcc.exe V5.06 update 7 (build 960)
Assembler:       Armasm.exe V5.06 update 7 (build 960)
Linker/Locator:  ArmLink.exe V5.06 update 7 (build 960)
Library Manager: ArmAr.exe V5.06 update 7 (build 960)
Hex Converter:   FromElf.exe V5.06 update 7 (build 960)
CPU DLL:         SARMCM3.DLL V5.32.0.0
Dialog DLL:      DCM.DLL V1.17.3.0
Target DLL:      UL2CM3.DLL V1.163.9.0
Dialog DLL:      TCM.DLL V1.46.0.0
 
<h2>Project:</h2>
F:\源代码\STM32F407\2021ROBOCON\USER\2021ROBOCON.uvprojx
Project File Date:  03/13/2021

<h2>Output:</h2>
*** Using Compiler 'V5.06 update 7 (build 960)', folder: 'D:\Keil_v5\ARM\ARMCC\Bin'
Build target 'PR'
compiling pwm.c...
compiling led.c...
compiling stm32f4xx_it.c...
compiling system_stm32f4xx.c...
compiling can.c...
compiling main.c...
compiling bsp.c...
..\HARDWARE\bsp\bsp.c(37): warning:  #223-D: function "USART2_Init" declared implicitly
  		USART2_Init(115200);	//串口2用于艾克申定位，优先级0
..\HARDWARE\bsp\bsp.c: 1 warning, 0 errors
compiling control.c...
..\HARDWARE\control\control.c(272): warning:  #1-D: last line of file ends without a newline
  */
..\HARDWARE\control\control.c: 1 warning, 0 errors
compiling can1.c...
compiling timer.c...
compiling AllPara.c...
compiling spi.c...
compiling 24l01.c...
compiling relay.c...
compiling ReceiveData.c...
compiling MCP4725.c...
compiling ADS1115.c...
compiling task.c...
assembling startup_stm32f40_41xxx.s...
compiling lcd.c...
compiling send.c...
compiling delay.c...
compiling pid.c...
compiling sys.c...
compiling myiic.c...
compiling misc.c...
compiling usart.c...
compiling stm32f4xx_gpio.c...
compiling stm32f4xx_syscfg.c...
compiling stm32f4xx_usart.c...
compiling stm32f4xx_dcmi.c...
compiling stm32f4xx_can.c...
compiling stm32f4xx_dma.c...
compiling stm32f4xx_rcc.c...
compiling stm32f4xx_fsmc.c...
compiling stm32f4xx_tim.c...
compiling arm_cos_f32.c...
compiling arm_sin_f32.c...
compiling stm32f4xx_iwdg.c...
compiling stm32f4xx_exti.c...
compiling stm32f4xx_spi.c...
linking...
Program Size: Code=36288 RO-data=8592 RW-data=260 ZI-data=2460  
"..\OBJ\PR.axf" - 0 Error(s), 2 Warning(s).

<h2>Software Packages used:</h2>

Package Vendor: Keil
                http://www.keil.com/pack/Keil.STM32F4xx_DFP.2.7.0.pack
                Keil.STM32F4xx_DFP.2.7.0
                STMicroelectronics STM32F4 Series Device Support, Drivers and Examples

<h2>Collection of Component include folders:</h2>
  .\RTE\_PR
  D:\Keil_v5\STM32packs\Keil\STM32F4xx_DFP\2.7.0\Drivers\CMSIS\Device\ST\STM32F4xx\Include

<h2>Collection of Component Files used:</h2>
Build Time Elapsed:  00:00:10
</pre>
</body>
</html>
