Component: ARM Compiler 5.06 update 7 (build 960) Tool: armlink [4d3601]

==============================================================================

Section Cross References

    main.o(i.main) refers to bsp.o(i.Bsp_Init) for Bsp_Init
    main.o(i.main) refers to lcd.o(i.LCD_ShowString) for LCD_ShowString
    main.o(i.main) refers to lcd.o(i.LED_PrintValueF) for LED_PrintValueF
    main.o(i.main) refers to lcd.o(i.LCD_ShowNum) for LCD_ShowNum
    main.o(i.main) refers to lcd.o(.data) for POINT_COLOR
    main.o(i.main) refers to allpara.o(.data) for Vx
    main.o(i.main) refers to receivedata.o(.data) for rcData
    system_stm32f4xx.o(i.SystemCoreClockUpdate) refers to system_stm32f4xx.o(.data) for SystemCoreClock
    system_stm32f4xx.o(i.SystemInit) refers to system_stm32f4xx.o(i.SetSysClock) for SetSysClock
    bsp.o(i.Beep_Init) refers to stm32f4xx_rcc.o(i.RCC_AHB1PeriphClockCmd) for RCC_AHB1PeriphClockCmd
    bsp.o(i.Beep_Init) refers to stm32f4xx_gpio.o(i.GPIO_Init) for GPIO_Init
    bsp.o(i.Beep_Init) refers to stm32f4xx_gpio.o(i.GPIO_ResetBits) for GPIO_ResetBits
    bsp.o(i.Bsp_Init) refers to delay.o(i.delay_init) for delay_init
    bsp.o(i.Bsp_Init) refers to misc.o(i.NVIC_PriorityGroupConfig) for NVIC_PriorityGroupConfig
    bsp.o(i.Bsp_Init) refers to bsp.o(i.Beep_Init) for Beep_Init
    bsp.o(i.Bsp_Init) refers to bsp.o(i.Core_Led_Init) for Core_Led_Init
    bsp.o(i.Bsp_Init) refers to lcd.o(i.LCD_Init) for LCD_Init
    bsp.o(i.Bsp_Init) refers to bsp.o(i.NRF_Init) for NRF_Init
    bsp.o(i.Bsp_Init) refers to myiic.o(i.IIC_Init) for IIC_Init
    bsp.o(i.Bsp_Init) refers to bsp.o(i.Color_Init) for Color_Init
    bsp.o(i.Bsp_Init) refers to relay.o(i.relay_init) for relay_init
    bsp.o(i.Bsp_Init) refers to bsp.o(i.PID_Struct_All_Init) for PID_Struct_All_Init
    bsp.o(i.Bsp_Init) refers to bsp.o(i.Motor_CAN_Init) for Motor_CAN_Init
    bsp.o(i.Bsp_Init) refers to usart.o(i.USART2_Init) for USART2_Init
    bsp.o(i.Bsp_Init) refers to timer.o(i.TIM7_Int_Init) for TIM7_Int_Init
    bsp.o(i.Color_Init) refers to stm32f4xx_rcc.o(i.RCC_AHB1PeriphClockCmd) for RCC_AHB1PeriphClockCmd
    bsp.o(i.Color_Init) refers to stm32f4xx_gpio.o(i.GPIO_Init) for GPIO_Init
    bsp.o(i.Color_Init) refers to stm32f4xx_gpio.o(i.GPIO_ResetBits) for GPIO_ResetBits
    bsp.o(i.Color_Init) refers to delay.o(i.delay_ms) for delay_ms
    bsp.o(i.Core_Led_Init) refers to stm32f4xx_gpio.o(i.GPIO_Init) for GPIO_Init
    bsp.o(i.Core_Led_Init) refers to stm32f4xx_gpio.o(i.GPIO_ResetBits) for GPIO_ResetBits
    bsp.o(i.Motor_CAN_Init) refers to can1.o(i.CAN1_Configuration) for CAN1_Configuration
    bsp.o(i.Motor_CAN_Init) refers to delay.o(i.delay_ms) for delay_ms
    bsp.o(i.Motor_CAN_Init) refers to can1.o(i.CAN_RoboModule_DRV_Reset) for CAN_RoboModule_DRV_Reset
    bsp.o(i.Motor_CAN_Init) refers to can1.o(i.CAN_RoboModule_DRV_Config) for CAN_RoboModule_DRV_Config
    bsp.o(i.Motor_CAN_Init) refers to delay.o(i.delay_us) for delay_us
    bsp.o(i.Motor_CAN_Init) refers to can1.o(i.CAN_RoboModule_DRV_Mode_Choice) for CAN_RoboModule_DRV_Mode_Choice
    bsp.o(i.NRF_Init) refers to 24l01.o(i.NRF24L01_Init) for NRF24L01_Init
    bsp.o(i.NRF_Init) refers to 24l01.o(i.NRF24L01_Check) for NRF24L01_Check
    bsp.o(i.NRF_Init) refers to 24l01.o(i.NRF24L01_RX_Mode) for NRF24L01_RX_Mode
    bsp.o(i.NRF_Init) refers to delay.o(i.delay_ms) for delay_ms
    bsp.o(i.PID_Struct_All_Init) refers to pid.o(i.PID_struct_init) for PID_struct_init
    bsp.o(i.PID_Struct_All_Init) refers to allpara.o(.bss) for posx_PID
    control.o(i.Get_Manual_Speed) refers to dflt_clz.o(x$fpl$dflt) for __aeabi_i2d
    control.o(i.Get_Manual_Speed) refers to dmul.o(x$fpl$dmul) for __aeabi_dmul
    control.o(i.Get_Manual_Speed) refers to dfix.o(x$fpl$dfix) for __aeabi_d2iz
    control.o(i.Get_Manual_Speed) refers to receivedata.o(.data) for rcData
    control.o(i.Get_Manual_Speed) refers to allpara.o(.data) for Vx
    control.o(i.Motor_Control) refers to can1.o(i.CAN_RoboModule_DRV_Current_Velocity_Mode) for CAN_RoboModule_DRV_Current_Velocity_Mode
    control.o(i.Motor_Control) refers to control.o(i.Speed_Cal) for Speed_Cal
    control.o(i.Motor_Control) refers to receivedata.o(.data) for rcData
    control.o(i.Motor_Control) refers to allpara.o(.data) for TargetSpeed1
    control.o(i.Speed_Cal) refers to control.o(i.Get_Manual_Speed) for Get_Manual_Speed
    control.o(i.Speed_Cal) refers to task.o(i.Motor_Task) for Motor_Task
    control.o(i.Speed_Cal) refers to arm_sin_f32.o(i.arm_sin_f32) for arm_sin_f32
    control.o(i.Speed_Cal) refers to arm_cos_f32.o(i.arm_cos_f32) for arm_cos_f32
    control.o(i.Speed_Cal) refers to receivedata.o(.data) for rcData
    control.o(i.Speed_Cal) refers to allpara.o(.data) for TargetAngle
    control.o(i.Speed_Cal_Lim) refers to control.o(i.ABS) for ABS
    control.o(i.Speed_Cal_Lim) refers to pid.o(i.pid_calc) for pid_calc
    control.o(i.Speed_Cal_Lim) refers to allpara.o(.bss) for posx_PID
[...]
    i.Beep_Init                              0x080002ec   Section        0  bsp.o(i.Beep_Init)
    Beep_Init                                0x080002ed   Thumb Code    60  bsp.o(i.Beep_Init)
    i.Bsp_Init                               0x0800032c   Section        0  bsp.o(i.Bsp_Init)
    i.BusFault_Handler                       0x08000374   Section        0  stm32f4xx_it.o(i.BusFault_Handler)
    i.CAN1_Configuration                     0x08000378   Section        0  can1.o(i.CAN1_Configuration)
    i.CAN1_RX0_IRQHandler                    0x08000488   Section        0  can1.o(i.CAN1_RX0_IRQHandler)
    i.CAN1_TX_IRQHandler                     0x080006a8   Section        0  can1.o(i.CAN1_TX_IRQHandler)
    i.CAN_ClearITPendingBit                  0x080006cc   Section        0  stm32f4xx_can.o(i.CAN_ClearITPendingBit)
    i.CAN_DeInit                             0x08000774   Section        0  stm32f4xx_can.o(i.CAN_DeInit)
    i.CAN_Delay_Us                           0x080007ac   Section        0  can1.o(i.CAN_Delay_Us)
    CAN_Delay_Us                             0x080007ad   Thumb Code    26  can1.o(i.CAN_Delay_Us)
    i.CAN_FilterInit                         0x080007c8   Section        0  stm32f4xx_can.o(i.CAN_FilterInit)
    i.CAN_GetITStatus                        0x080008d0   Section        0  stm32f4xx_can.o(i.CAN_GetITStatus)
    i.CAN_ITConfig                           0x080009f0   Section        0  stm32f4xx_can.o(i.CAN_ITConfig)
    i.CAN_Init                               0x08000a02   Section        0  stm32f4xx_can.o(i.CAN_Init)
    i.CAN_Receive                            0x08000b16   Section        0  stm32f4xx_can.o(i.CAN_Receive)
    i.CAN_RoboModule_DRV_Config              0x08000c08   Section        0  can1.o(i.CAN_RoboModule_DRV_Config)
    i.CAN_RoboModule_DRV_Current_Velocity_Mode 0x08000cb8   Section        0  can1.o(i.CAN_RoboModule_DRV_Current_Velocity_Mode)
    i.CAN_RoboModule_DRV_Mode_Choice         0x08000d78   Section        0  can1.o(i.CAN_RoboModule_DRV_Mode_Choice)
    i.CAN_RoboModule_DRV_Reset               0x08000e18   Section        0  can1.o(i.CAN_RoboModule_DRV_Reset)
    i.CAN_StructInit                         0x08000eb8   Section        0  stm32f4xx_can.o(i.CAN_StructInit)
    i.CAN_Transmit                           0x08000ed8   Section        0  stm32f4xx_can.o(i.CAN_Transmit)
    i.CheckITStatus                          0x08000ffe   Section        0  stm32f4xx_can.o(i.CheckITStatus)
    CheckITStatus                            0x08000fff   Thumb Code    18  stm32f4xx_can.o(i.CheckITStatus)
    i.Color_Init                             0x08001010   Section        0  bsp.o(i.Color_Init)
    Color_Init                               0x08001011   Thumb Code   174  bsp.o(i.Color_Init)
    i.Core_Led_Init                          0x080010d0   Section        0  bsp.o(i.Core_Led_Init)
    Core_Led_Init                            0x080010d1   Thumb Code    52  bsp.o(i.Core_Led_Init)
    i.DebugMon_Handler                       0x08001108   Section        0  stm32f4xx_it.o(i.DebugMon_Handler)
    i.FSMC_NORSRAMCmd                        0x0800110c   Section        0  stm32f4xx_fsmc.o(i.FSMC_NORSRAMCmd)
    i.FSMC_NORSRAMInit                       0x08001140   Section        0  stm32f4xx_fsmc.o(i.FSMC_NORSRAMInit)
    i.GPIO_Init                              0x08001226   Section        0  stm32f4xx_gpio.o(i.GPIO_Init)
    i.GPIO_PinAFConfig                       0x080012b6   Section        0  stm32f4xx_gpio.o(i.GPIO_PinAFConfig)
    i.GPIO_ResetBits                         0x080012fc   Section        0  stm32f4xx_gpio.o(i.GPIO_ResetBits)
    i.GPIO_SetBits                           0x08001300   Section        0  stm32f4xx_gpio.o(i.GPIO_SetBits)
    i.GPIO_ToggleBits                        0x08001304   Section        0  stm32f4xx_gpio.o(i.GPIO_ToggleBits)
    i.Get_Manual_Speed                       0x0800130c   Section        0  control.o(i.Get_Manual_Speed)
    i.HardFault_Handler                      0x0800150c   Section        0  stm32f4xx_it.o(i.HardFault_Handler)
    i.IIC_Init                               0x08001510   Section        0  myiic.o(i.IIC_Init)
    i.LCD_Clear                              0x08001558   Section        0  lcd.o(i.LCD_Clear)
    i.LCD_Display_Dir                        0x080015c4   Section        0  lcd.o(i.LCD_Display_Dir)
    i.LCD_Fast_DrawPoint                     0x08001784   Section        0  lcd.o(i.LCD_Fast_DrawPoint)
    i.LCD_Init                               0x08001904   Section        0  lcd.o(i.LCD_Init)
    i.LCD_Pow                                0x08005258   Section        0  lcd.o(i.LCD_Pow)
    i.LCD_RD_DATA                            0x08005270   Section        0  lcd.o(i.LCD_RD_DATA)
    i.LCD_ReadReg                            0x08005284   Section        0  lcd.o(i.LCD_ReadReg)
    i.LCD_SSD_BackLightSet                   0x0800529c   Section        0  lcd.o(i.LCD_SSD_BackLightSet)
    i.LCD_Scan_Dir                           0x080052fc   Section        0  lcd.o(i.LCD_Scan_Dir)
    i.LCD_SetCursor                          0x080055e8   Section        0  lcd.o(i.LCD_SetCursor)
    i.LCD_ShowChar                           0x08005790   Section        0  lcd.o(i.LCD_ShowChar)
    i.LCD_ShowNum                            0x080058b8   Section        0  lcd.o(i.LCD_ShowNum)
    i.LCD_ShowString                         0x0800594c   Section        0  lcd.o(i.LCD_ShowString)
    i.LCD_WR_DATA                            0x080059b4   Section        0  lcd.o(i.LCD_WR_DATA)
    i.LCD_WR_REG                             0x080059cc   Section        0  lcd.o(i.LCD_WR_REG)
    i.LCD_WriteRAM_Prepare                   0x080059e4   Section        0  lcd.o(i.LCD_WriteRAM_Prepare)
    i.LCD_WriteReg                           0x080059f8   Section        0  lcd.o(i.LCD_WriteReg)
    i.LED_PrintValueF                        0x08005a0c   Section        0  lcd.o(i.LED_PrintValueF)
    i.LED_PrintValueFP                       0x08005dac   Section        0  lcd.o(i.LED_PrintValueFP)
    i.MY_NVIC_Init                           0x08005f30   Section        0  sys.o(i.MY_NVIC_Init)
    i.MY_NVIC_PriorityGroupConfig            0x08005fa8   Section        0  sys.o(i.MY_NVIC_PriorityGroupConfig)
    i.MemManage_Handler                      0x08005fd0   Section        0  stm32f4xx_it.o(i.MemManage_Handler)
    i.MissionReady                           0x08005fd4   Section        0  task.o(i.MissionReady)
    i.MissionReset                           0x08006078   Section        0  task.o(i.MissionReset)
    i.MissionStart                           0x0800611c   Section        0  task.o(i.MissionStart)
    i.MissionStart2                          0x080061a8   Section        0  task.o(i.MissionStart2)
    i.MissionStart3                          0x08006250   Section        0  task.o(i.MissionStart3)
    i.MissionStart4                          0x08006594   Section        0  task.o(i.MissionStart4)
    i.Motor_CAN_Init                         0x0800663c   Section        0  bsp.o(i.Motor_CAN_Init)
    Motor_CAN_Init                           0x0800663d   Thumb Code   150  bsp.o(i.Motor_CAN_Init)
    i.Motor_Control                          0x080066d4   Section        0  control.o(i.Motor_Control)
    i.Motor_Task                             0x08006784   Section        0  task.o(i.Motor_Task)
    i.NMI_Handler                            0x0800681c   Section        0  stm32f4xx_it.o(i.NMI_Handler)
    i.NRF24L01_Check                         0x08006820   Section        0  24l01.o(i.NRF24L01_Check)
    i.NRF24L01_Init                          0x08006884   Section        0  24l01.o(i.NRF24L01_Init)
    i.NRF24L01_RX_Mode                       0x08006924   Section        0  24l01.o(i.NRF24L01_RX_Mode)
    i.NRF24L01_Read_Buf                      0x0800697c   Section        0  24l01.o(i.NRF24L01_Read_Buf)
    i.NRF24L01_Read_Reg                      0x080069b8   Section        0  24l01.o(i.NRF24L01_Read_Reg)
    i.NRF24L01_RxPacket                      0x080069e4   Section        0  24l01.o(i.NRF24L01_RxPacket)
    i.NRF24L01_SPI_Init                      0x08006a20   Section        0  24l01.o(i.NRF24L01_SPI_Init)
    i.NRF24L01_Write_Buf                     0x08006a7c   Section        0  24l01.o(i.NRF24L01_Write_Buf)
    i.NRF24L01_Write_Reg                     0x08006ab8   Section        0  24l01.o(i.NRF24L01_Write_Reg)
    i.NRF_Init                               0x08006ae8   Section        0  bsp.o(i.NRF_Init)
    NRF_Init                                 0x08006ae9   Thumb Code    30  bsp.o(i.NRF_Init)
    i.NVIC_Init                              0x08006b08   Section        0  misc.o(i.NVIC_Init)
    i.NVIC_PriorityGroupConfig               0x08006b80   Section        0  misc.o(i.NVIC_PriorityGroupConfig)
    i.PID_Struct_All_Init                    0x08006b94   Section        0  bsp.o(i.PID_Struct_All_Init)
    PID_Struct_All_Init                      0x08006b95   Thumb Code   160  bsp.o(i.PID_Struct_All_Init)
    i.PID_struct_init                        0x08006c50   Section        0  pid.o(i.PID_struct_init)
    i.PendSV_Handler                         0x08006cb0   Section        0  stm32f4xx_it.o(i.PendSV_Handler)
    i.RCC_AHB1PeriphClockCmd                 0x08006cb4   Section        0  stm32f4xx_rcc.o(i.RCC_AHB1PeriphClockCmd)
    i.RCC_AHB3PeriphClockCmd                 0x08006cd4   Section        0  stm32f4xx_rcc.o(i.RCC_AHB3PeriphClockCmd)
    i.RCC_APB1PeriphClockCmd                 0x08006cf4   Section        0  stm32f4xx_rcc.o(i.RCC_APB1PeriphClockCmd)
    i.RCC_APB1PeriphResetCmd                 0x08006d14   Section        0  stm32f4xx_rcc.o(i.RCC_APB1PeriphResetCmd)
    i.RCC_APB2PeriphClockCmd                 0x08006d34   Section        0  stm32f4xx_rcc.o(i.RCC_APB2PeriphClockCmd)
    i.RCC_APB2PeriphResetCmd                 0x08006d54   Section        0  stm32f4xx_rcc.o(i.RCC_APB2PeriphResetCmd)
    i.RCC_GetClocksFreq                      0x08006d74   Section        0  stm32f4xx_rcc.o(i.RCC_GetClocksFreq)
    i.ReceiveDataFormNRF                     0x08006e5c   Section        0  receivedata.o(i.ReceiveDataFormNRF)
    i.SPI1_Init                              0x08006f40   Section        0  spi.o(i.SPI1_Init)
    i.SPI1_ReadWriteByte                     0x08007004   Section        0  spi.o(i.SPI1_ReadWriteByte)
    i.SPI1_SetSpeed                          0x0800703c   Section        0  spi.o(i.SPI1_SetSpeed)
    i.SPI_Cmd                                0x08007064   Section        0  stm32f4xx_spi.o(i.SPI_Cmd)
    i.SPI_I2S_GetFlagStatus                  0x0800707c   Section        0  stm32f4xx_spi.o(i.SPI_I2S_GetFlagStatus)
    i.SPI_I2S_ReceiveData                    0x0800708e   Section        0  stm32f4xx_spi.o(i.SPI_I2S_ReceiveData)
    i.SPI_I2S_SendData                       0x08007094   Section        0  stm32f4xx_spi.o(i.SPI_I2S_SendData)
    i.SPI_Init                               0x08007098   Section        0  stm32f4xx_spi.o(i.SPI_Init)
    i.SVC_Handler                            0x080070d4   Section        0  stm32f4xx_it.o(i.SVC_Handler)
    i.SetSysClock                            0x080070d8   Section        0  system_stm32f4xx.o(i.SetSysClock)
    SetSysClock                              0x080070d9   Thumb Code   220  system_stm32f4xx.o(i.SetSysClock)
    i.Speed_Cal                              0x080071c4   Section        0  control.o(i.Speed_Cal)
    i.Speed_Cal_Lim                          0x080074cc   Section        0  control.o(i.Speed_Cal_Lim)
    i.SysTick_CLKSourceConfig                0x080075c8   Section        0  misc.o(i.SysTick_CLKSourceConfig)
    i.SysTick_Handler                        0x080075f0   Section        0  stm32f4xx_it.o(i.SysTick_Handler)
    i.SystemInit                             0x080075f4   Section        0  system_stm32f4xx.o(i.SystemInit)
    i.TIM7_IRQHandler                        0x0800765c   Section        0  timer.o(i.TIM7_IRQHandler)
    i.TIM7_Int_Init                          0x080077ac   Section        0  timer.o(i.TIM7_Int_Init)
    i.USART2_IRQHandler                      0x080077fc   Section        0  usart.o(i.USART2_IRQHandler)
    i.USART2_Init                            0x080079bc   Section        0  usart.o(i.USART2_Init)
    i.USART_ClearFlag                        0x08007a70   Section        0  stm32f4xx_usart.o(i.USART_ClearFlag)
    i.USART_ClearITPendingBit                0x08007a82   Section        0  stm32f4xx_usart.o(i.USART_ClearITPendingBit)
    i.USART_Cmd                              0x08007aa0   Section        0  stm32f4xx_usart.o(i.USART_Cmd)
    i.USART_GetFlagStatus                    0x08007ab8   Section        0  stm32f4xx_usart.o(i.USART_GetFlagStatus)
    i.USART_GetITStatus                      0x08007ad2   Section        0  stm32f4xx_usart.o(i.USART_GetITStatus)
    i.USART_ITConfig                         0x08007b26   Section        0  stm32f4xx_usart.o(i.USART_ITConfig)
    i.USART_Init                             0x08007b70   Section        0  stm32f4xx_usart.o(i.USART_Init)
    i.USART_ReceiveData                      0x08007c44   Section        0  stm32f4xx_usart.o(i.USART_ReceiveData)
    i.UsageFault_Handler                     0x08007c4e   Section        0  stm32f4xx_it.o(i.UsageFault_Handler)
    i.__hardfp_fabs                          0x08007c52   Section        0  fabs.o(i.__hardfp_fabs)
    i._sys_exit                              0x08007c66   Section        0  usart.o(i._sys_exit)
    i.abs_limit                              0x08007c6c   Section        0  pid.o(i.abs_limit)
    i.arm_cos_f32                            0x08007c9c   Section        0  arm_cos_f32.o(i.arm_cos_f32)
    i.arm_sin_f32                            0x08007dc4   Section        0  arm_sin_f32.o(i.arm_sin_f32)
    i.delay_init                             0x08007eec   Section        0  delay.o(i.delay_init)
    i.delay_ms                               0x08007f28   Section        0  delay.o(i.delay_ms)
    i.delay_us                               0x08007f60   Section        0  delay.o(i.delay_us)
    i.delay_xms                              0x08007fac   Section        0  delay.o(i.delay_xms)
    i.main                                   0x08007ff8   Section        0  main.o(i.main)
    i.pid_calc                               0x0800840c   Section        0  pid.o(i.pid_calc)
    i.pid_param_init                         0x08008634   Section        0  pid.o(i.pid_param_init)
    pid_param_init                           0x08008635   Thumb Code    20  pid.o(i.pid_param_init)
    i.pid_reset                              0x08008648   Section        0  pid.o(i.pid_reset)
    pid_reset                                0x08008649   Thumb Code    46  pid.o(i.pid_reset)
    i.relay_init                             0x0800867c   Section        0  relay.o(i.relay_init)
    x$fpl$dadd                               0x08008730   Section      336  daddsub_clz.o(x$fpl$dadd)
    $v0                                      0x08008730   Number         0  daddsub_clz.o(x$fpl$dadd)
    _dadd1                                   0x08008741   Thumb Code     0  daddsub_clz.o(x$fpl$dadd)
    x$fpl$dcmpinf                            0x08008880   Section       24  dcmpi.o(x$fpl$dcmpinf)
    $v0                                      0x08008880   Number         0  dcmpi.o(x$fpl$dcmpinf)
    x$fpl$dfix                               0x08008898   Section       94  dfix.o(x$fpl$dfix)
    $v0                                      0x08008898   Number         0  dfix.o(x$fpl$dfix)
    x$fpl$dfixu                              0x080088f8   Section       90  dfixu.o(x$fpl$dfixu)
    $v0                                      0x080088f8   Number         0  dfixu.o(x$fpl$dfixu)
    x$fpl$dflt                               0x08008952   Section       46  dflt_clz.o(x$fpl$dflt)
    $v0                                      0x08008952   Number         0  dflt_clz.o(x$fpl$dflt)
    x$fpl$dfltu                              0x08008980   Section       38  dflt_clz.o(x$fpl$dfltu)
    $v0                                      0x08008980   Number         0  dflt_clz.o(x$fpl$dfltu)
    x$fpl$dleqf                              0x080089a8   Section      120  dleqf.o(x$fpl$dleqf)
    $v0                                      0x080089a8   Number         0  dleqf.o(x$fpl$dleqf)
    x$fpl$dmul                               0x08008a20   Section      340  dmul.o(x$fpl$dmul)
    $v0                                      0x08008a20   Number         0  dmul.o(x$fpl$dmul)
    x$fpl$dnaninf                            0x08008b74   Section      156  dnaninf.o(x$fpl$dnaninf)
    $v0                                      0x08008b74   Number         0  dnaninf.o(x$fpl$dnaninf)
    x$fpl$dretinf                            0x08008c10   Section       12  dretinf.o(x$fpl$dretinf)
    $v0                                      0x08008c10   Number         0  dretinf.o(x$fpl$dretinf)
    x$fpl$drleqf                             0x08008c1c   Section      108  drleqf.o(x$fpl$drleqf)
    $v0                                      0x08008c1c   Number         0  drleqf.o(x$fpl$drleqf)
    x$fpl$dsub                               0x08008c88   Section      468  daddsub_clz.o(x$fpl$dsub)
    $v0                                      0x08008c88   Number         0  daddsub_clz.o(x$fpl$dsub)
    _dsub1                                   0x08008c99   Thumb Code     0  daddsub_clz.o(x$fpl$dsub)
    x$fpl$f2d                                0x08008e5c   Section       86  f2d.o(x$fpl$f2d)
    $v0                                      0x08008e5c   Number         0  f2d.o(x$fpl$f2d)
    x$fpl$fnaninf                            0x08008eb2   Section      140  fnaninf.o(x$fpl$fnaninf)
    $v0                                      0x08008eb2   Number         0  fnaninf.o(x$fpl$fnaninf)
    x$fpl$fpinit                             0x08008f3e   Section       10  fpinit.o(x$fpl$fpinit)
    $v0                                      0x08008f3e   Number         0  fpinit.o(x$fpl$fpinit)
    .constdata                               0x08008f48   Section       10  24l01.o(.constdata)
    x$fpl$usenofp                            0x08008f48   Section        0  usenofp.o(x$fpl$usenofp)
    .constdata                               0x08008f52   Section     6080  lcd.o(.constdata)
    .constdata                               0x0800a714   Section     1040  arm_cos_f32.o(.constdata)
    cosTable                                 0x0800a714   Data        1040  arm_cos_f32.o(.constdata)
    .constdata                               0x0800ab24   Section     1036  arm_sin_f32.o(.constdata)
    sinTable                                 0x0800ab24   Data        1036  arm_sin_f32.o(.constdata)
    .data                                    0x20000000   Section       34  can1.o(.data)
    .data                                    0x20000024   Section      118  allpara.o(.data)
    .data                                    0x2000009a   Section        4  lcd.o(.data)
    .data                                    0x2000009e   Section       30  receivedata.o(.data)
    .data                                    0x200000c0   Section       25  task.o(.data)
    MissionState                             0x200000d8   Data           1  task.o(.data)
    .data                                    0x200000da   Section        4  delay.o(.data)
    fac_us                                   0x200000da   Data           1  delay.o(.data)
    fac_ms                                   0x200000dc   Data           2  delay.o(.data)
    .data                                    0x200000e0   Section       17  usart.o(.data)
    ch                                       0x200000ee   Data           1  usart.o(.data)
    count                                    0x200000ef   Data           1  usart.o(.data)
    i                                        0x200000f0   Data           1  usart.o(.data)
    .data                                    0x200000f1   Section       16  stm32f4xx_rcc.o(.data)
    APBAHBPrescTable                         0x200000f1   Data          16  stm32f4xx_rcc.o(.data)
    .bss                                     0x20000104   Section       16  can1.o(.bss)
    .bss                                     0x20000114   Section      573  allpara.o(.bss)
    .bss                                     0x20000352   Section       14  lcd.o(.bss)
    .bss                                     0x20000360   Section      224  usart.o(.bss)
    posture                                  0x20000428   Data          24  usart.o(.bss)
    .bss                                     0x20000440   Section       96  libspace.o(.bss)
    HEAP                                     0x200004a0   Section      512  startup_stm32f40_41xxx.o(HEAP)
    Heap_Mem                                 0x200004a0   Data         512  startup_stm32f40_41xxx.o(HEAP)
    STACK                                    0x200006a0   Section     1024  startup_stm32f40_41xxx.o(STACK)
    Stack_Mem                                0x200006a0   Data        1024  startup_stm32f40_41xxx.o(STACK)
    __initial_sp                             0x20000aa0   Data           0  startup_stm32f40_41xxx.o(STACK)

    Global Symbols

    Symbol Name                              Value     Ov Type        Size  Object(Section)

    BuildAttributes$$THM_ISAv4$E$P$D$K$B$S$7EM$VFPi3$EXTD16$VFPS$VFMA$PE$A:L22UL41UL21$X:L11$S22US41US21$IEEE1$IW$USESV6$~STKCKD$USESV7$~SHL$OTIME$ROPI$IEEEJ$EBA8$UX$STANDARDLIB$REQ8$PRES8$EABIv2 0x00000000   Number         0  anon$$obj.o ABSOLUTE
    __ARM_use_no_argv                        0x00000000   Number         0  main.o ABSOLUTE
    __ARM_exceptions_init                     - Undefined Weak Reference
    __alloca_initialize                       - Undefined Weak Reference
    __arm_fini_                               - Undefined Weak Reference
    __arm_preinit_                            - Undefined Weak Reference
    __cpp_initialize__aeabi_                  - Undefined Weak Reference
    __cxa_finalize                            - Undefined Weak Reference
    __rt_locale                               - Undefined Weak Reference
    __sigvec_lookup                           - Undefined Weak Reference
    _atexit_init                              - Undefined Weak Reference
    _call_atexit_fns                          - Undefined Weak Reference
    _clock_init                               - Undefined Weak Reference
    _fp_trap_init                             - Undefined Weak Reference
    _fp_trap_shutdown                         - Undefined Weak Reference
    _get_lc_collate                           - Undefined Weak Reference
    _get_lc_ctype                             - Undefined Weak Reference
    _get_lc_monetary                          - Undefined Weak Reference
    _get_lc_numeric                           - Undefined Weak Reference
    _get_lc_time                              - Undefined Weak Reference
    _getenv_init                              - Undefined Weak Reference
    _handle_redirection                       - Undefined Weak Reference
    _init_alloc                               - Undefined Weak Reference
    _init_user_alloc                          - Undefined Weak Reference
    _initio                                   - Undefined Weak Reference
    _rand_init                                - Undefined Weak Reference
    _signal_finish                            - Undefined Weak Reference
    _signal_init                              - Undefined Weak Reference
    _terminate_alloc                          - Undefined Weak Reference
    _terminate_user_alloc                     - Undefined Weak Reference
    _terminateio                              - Undefined Weak Reference
    __Vectors_Size                           0x00000188   Number         0  startup_stm32f40_41xxx.o ABSOLUTE
    __Vectors                                0x08000000   Data           4  startup_stm32f40_41xxx.o(RESET)
    __Vectors_End                            0x08000188   Data           0  startup_stm32f40_41xxx.o(RESET)
    __main                                   0x08000189   Thumb Code     8  __main.o(!!!main)
    __scatterload                            0x08000191   Thumb Code     0  __scatter.o(!!!scatter)
    __scatterload_rt2                        0x08000191   Thumb Code    44  __scatter.o(!!!scatter)
    __scatterload_rt2_thumb_only             0x08000191   Thumb Code     0  __scatter.o(!!!scatter)
    __scatterload_null                       0x0800019f   Thumb Code     0  __scatter.o(!!!scatter)
    __scatterload_copy                       0x080001c5   Thumb Code    26  __scatter_copy.o(!!handler_copy)
    __scatterload_zeroinit                   0x080001e1   Thumb Code    28  __scatter_zi.o(!!handler_zi)
    __rt_lib_init                            0x080001fd   Thumb Code     0  libinit.o(.ARM.Collect$$libinit$$00000000)
    __rt_lib_init_fp_1                       0x080001ff   Thumb Code     0  libinit2.o(.ARM.Collect$$libinit$$00000001)
    __rt_lib_init_alloca_1                   0x08000203   Thumb Code     0  libinit2.o(.ARM.Collect$$libinit$$0000002E)
    __rt_lib_init_argv_1                     0x08000203   Thumb Code     0  libinit2.o(.ARM.Collect$$libinit$$0000002C)
    __rt_lib_init_atexit_1                   0x08000203   Thumb Code     0  libinit2.o(.ARM.Collect$$libinit$$0000001B)
    __rt_lib_init_clock_1                    0x08000203   Thumb Code     0  libinit2.o(.ARM.Collect$$libinit$$00000021)
    __rt_lib_init_cpp_1                      0x08000203   Thumb Code     0  libinit2.o(.ARM.Collect$$libinit$$00000032)
    __rt_lib_init_exceptions_1               0x08000203   Thumb Code     0  libinit2.o(.ARM.Collect$$libinit$$00000030)
    __rt_lib_init_fp_trap_1                  0x08000203   Thumb Code     0  libinit2.o(.ARM.Collect$$libinit$$0000001F)
    __rt_lib_init_getenv_1                   0x08000203   Thumb Code     0  libinit2.o(.ARM.Collect$$libinit$$00000023)
    __rt_lib_init_heap_1                     0x08000203   Thumb Code     0  libinit2.o(.ARM.Collect$$libinit$$0000000A)
    __rt_lib_init_lc_collate_1               0x08000203   Thumb Code     0  libinit2.o(.ARM.Collect$$libinit$$00000011)
    __rt_lib_init_lc_ctype_1                 0x08000203   Thumb Code     0  libinit2.o(.ARM.Collect$$libinit$$00000013)
    __rt_lib_init_lc_monetary_1              0x08000203   Thumb Code     0  libinit2.o(.ARM.Collect$$libinit$$00000015)
    __rt_lib_init_lc_numeric_1               0x08000203   Thumb Code     0  libinit2.o(.ARM.Collect$$libinit$$00000017)
    __rt_lib_init_lc_time_1                  0x08000203   Thumb Code     0  libinit2.o(.ARM.Collect$$libinit$$00000019)
    __rt_lib_init_preinit_1                  0x08000203   Thumb Code     0  libinit2.o(.ARM.Collect$$libinit$$00000004)
    __rt_lib_init_rand_1                     0x08000203   Thumb Code     0  libinit2.o(.ARM.Collect$$libinit$$0000000E)
    __rt_lib_init_return                     0x08000203   Thumb Code     0  libinit2.o(.ARM.Collect$$libinit$$00000033)
    __rt_lib_init_signal_1                   0x08000203   Thumb Code     0  libinit2.o(.ARM.Collect$$libinit$$0000001D)
    __rt_lib_init_stdio_1                    0x08000203   Thumb Code     0  libinit2.o(.ARM.Collect$$libinit$$00000025)
    __rt_lib_init_user_alloc_1               0x08000203   Thumb Code     0  libinit2.o(.ARM.Collect$$libinit$$0000000C)
    __rt_lib_shutdown                        0x08000205   Thumb Code     0  libshutdown.o(.ARM.Collect$$libshutdown$$00000000)
    __rt_lib_shutdown_cpp_1                  0x08000207   Thumb Code     0  libshutdown2.o(.ARM.Collect$$libshutdown$$00000004)
    __rt_lib_shutdown_fini_1                 0x08000207   Thumb Code     0  libshutdown2.o(.ARM.Collect$$libshutdown$$00000002)
    __rt_lib_shutdown_fp_trap_1              0x08000207   Thumb Code     0  libshutdown2.o(.ARM.Collect$$libshutdown$$00000009)
    __rt_lib_shutdown_heap_1                 0x08000207   Thumb Code     0  libshutdown2.o(.ARM.Collect$$libshutdown$$00000011)
    __rt_lib_shutdown_return                 0x08000207   Thumb Code     0  libshutdown2.o(.ARM.Collect$$libshutdown$$00000012)
    __rt_lib_shutdown_signal_1               0x08000207   Thumb Code     0  libshutdown2.o(.ARM.Collect$$libshutdown$$0000000C)
    __rt_lib_shutdown_stdio_1                0x08000207   Thumb Code     0  libshutdown2.o(.ARM.Collect$$libshutdown$$00000006)
    __rt_lib_shutdown_user_alloc_1           0x08000207   Thumb Code     0  libshutdown2.o(.ARM.Collect$$libshutdown$$0000000E)
    __rt_entry                               0x08000209   Thumb Code     0  __rtentry.o(.ARM.Collect$$rtentry$$00000000)
    __rt_entry_presh_1                       0x08000209   Thumb Code     0  __rtentry2.o(.ARM.Collect$$rtentry$$00000002)
    __rt_entry_sh                            0x08000209   Thumb Code     0  __rtentry4.o(.ARM.Collect$$rtentry$$00000004)
    __rt_entry_li                            0x0800020f   Thumb Code     0  __rtentry2.o(.ARM.Collect$$rtentry$$0000000A)
    __rt_entry_postsh_1                      0x0800020f   Thumb Code     0  __rtentry2.o(.ARM.Collect$$rtentry$$00000009)
    __rt_entry_main                          0x08000213   Thumb Code     0  __rtentry2.o(.ARM.Collect$$rtentry$$0000000D)
    __rt_entry_postli_1                      0x08000213   Thumb Code     0  __rtentry2.o(.ARM.Collect$$rtentry$$0000000C)
    __rt_exit                                0x0800021b   Thumb Code     0  rtexit.o(.ARM.Collect$$rtexit$$00000000)
    __rt_exit_ls                             0x0800021d   Thumb Code     0  rtexit2.o(.ARM.Collect$$rtexit$$00000003)
    __rt_exit_prels_1                        0x0800021d   Thumb Code     0  rtexit2.o(.ARM.Collect$$rtexit$$00000002)
    __rt_exit_exit                           0x08000221   Thumb Code     0  rtexit2.o(.ARM.Collect$$rtexit$$00000004)
    Reset_Handler                            0x08000229   Thumb Code     8  startup_stm32f40_41xxx.o(.text)
    ADC_IRQHandler                           0x08000243   Thumb Code     0  startup_stm32f40_41xxx.o(.text)
    CAN1_RX1_IRQHandler                      0x08000243   Thumb Code     0  startup_stm32f40_41xxx.o(.text)
    CAN1_SCE_IRQHandler                      0x08000243   Thumb Code     0  startup_stm32f40_41xxx.o(.text)
    CAN2_RX0_IRQHandler                      0x08000243   Thumb Code     0  startup_stm32f40_41xxx.o(.text)
    CAN2_RX1_IRQHandler                      0x08000243   Thumb Code     0  startup_stm32f40_41xxx.o(.text)
    CAN2_SCE_IRQHandler                      0x08000243   Thumb Code     0  startup_stm32f40_41xxx.o(.text)
    CAN2_TX_IRQHandler                       0x08000243   Thumb Code     0  startup_stm32f40_41xxx.o(.text)
    CRYP_IRQHandler                          0x08000243   Thumb Code     0  startup_stm32f40_41xxx.o(.text)
    DCMI_IRQHandler                          0x08000243   Thumb Code     0  startup_stm32f40_41xxx.o(.text)
    DMA1_Stream0_IRQHandler                  0x08000243   Thumb Code     0  startup_stm32f40_41xxx.o(.text)
    DMA1_Stream1_IRQHandler                  0x08000243   Thumb Code     0  startup_stm32f40_41xxx.o(.text)
    DMA1_Stream2_IRQHandler                  0x08000243   Thumb Code     0  startup_stm32f40_41xxx.o(.text)
    DMA1_Stream3_IRQHandler                  0x08000243   Thumb Code     0  startup_stm32f40_41xxx.o(.text)
    DMA1_Stream4_IRQHandler                  0x08000243   Thumb Code     0  startup_stm32f40_41xxx.o(.text)
    DMA1_Stream5_IRQHandler                  0x08000243   Thumb Code     0  startup_stm32f40_41xxx.o(.text)
    DMA1_Stream6_IRQHandler                  0x08000243   Thumb Code     0  startup_stm32f40_41xxx.o(.text)
    DMA1_Stream7_IRQHandler                  0x08000243   Thumb Code     0  startup_stm32f40_41xxx.o(.text)
    DMA2_Stream0_IRQHandler                  0x08000243   Thumb Code     0  startup_stm32f40_41xxx.o(.text)
    DMA2_Stream1_IRQHandler                  0x08000243   Thumb Code     0  startup_stm32f40_41xxx.o(.text)
    DMA2_Stream2_IRQHandler                  0x08000243   Thumb Code     0  startup_stm32f40_41xxx.o(.text)
    DMA2_Stream3_IRQHandler                  0x08000243   Thumb Code     0  startup_stm32f40_41xxx.o(.text)
    DMA2_Stream4_IRQHandler                  0x08000243   Thumb Code     0  startup_stm32f40_41xxx.o(.text)
    DMA2_Stream5_IRQHandler                  0x08000243   Thumb Code     0  startup_stm32f40_41xxx.o(.text)
    DMA2_Stream6_IRQHandler                  0x08000243   Thumb Code     0  startup_stm32f40_41xxx.o(.text)
    DMA2_Stream7_IRQHandler                  0x08000243   Thumb Code     0  startup_stm32f40_41xxx.o(.text)
    ETH_IRQHandler                           0x08000243   Thumb Code     0  startup_stm32f40_41xxx.o(.text)
    ETH_WKUP_IRQHandler                      0x08000243   Thumb Code     0  startup_stm32f40_41xxx.o(.text)
    EXTI0_IRQHandler                         0x08000243   Thumb Code     0  startup_stm32f40_41xxx.o(.text)
    EXTI15_10_IRQHandler                     0x08000243   Thumb Code     0  startup_stm32f40_41xxx.o(.text)
    EXTI1_IRQHandler                         0x08000243   Thumb Code     0  startup_stm32f40_41xxx.o(.text)
    EXTI2_IRQHandler                         0x08000243   Thumb Code     0  startup_stm32f40_41xxx.o(.text)
    EXTI3_IRQHandler                         0x08000243   Thumb Code     0  startup_stm32f40_41xxx.o(.text)
    EXTI4_IRQHandler                         0x08000243   Thumb Code     0  startup_stm32f40_41xxx.o(.text)
    EXTI9_5_IRQHandler                       0x08000243   Thumb Code     0  startup_stm32f40_41xxx.o(.text)
    FLASH_IRQHandler                         0x08000243   Thumb Code     0  startup_stm32f40_41xxx.o(.text)
    FPU_IRQHandler                           0x08000243   Thumb Code     0  startup_stm32f40_41xxx.o(.text)
    FSMC_IRQHandler                          0x08000243   Thumb Code     0  startup_stm32f40_41xxx.o(.text)
    HASH_RNG_IRQHandler                      0x08000243   Thumb Code     0  startup_stm32f40_41xxx.o(.text)
    I2C1_ER_IRQHandler                       0x08000243   Thumb Code     0  startup_stm32f40_41xxx.o(.text)
    I2C1_EV_IRQHandler                       0x08000243   Thumb Code     0  startup_stm32f40_41xxx.o(.text)
    I2C2_ER_IRQHandler                       0x08000243   Thumb Code     0  startup_stm32f40_41xxx.o(.text)
    I2C2_EV_IRQHandler                       0x08000243   Thumb Code     0  startup_stm32f40_41xxx.o(.text)
    I2C3_ER_IRQHandler                       0x08000243   Thumb Code     0  startup_stm32f40_41xxx.o(.text)
    I2C3_EV_IRQHandler                       0x08000243   Thumb Code     0  startup_stm32f40_41xxx.o(.text)
    OTG_FS_IRQHandler                        0x08000243   Thumb Code     0  startup_stm32f40_41xxx.o(.text)
    OTG_FS_WKUP_IRQHandler                   0x08000243   Thumb Code     0  startup_stm32f40_41xxx.o(.text)
    OTG_HS_EP1_IN_IRQHandler                 0x08000243   Thumb Code     0  startup_stm32f40_41xxx.o(.text)
    OTG_HS_EP1_OUT_IRQHandler                0x08000243   Thumb Code     0  startup_stm32f40_41xxx.o(.text)
    OTG_HS_IRQHandler                        0x08000243   Thumb Code     0  startup_stm32f40_41xxx.o(.text)
    OTG_HS_WKUP_IRQHandler                   0x08000243   Thumb Code     0  startup_stm32f40_41xxx.o(.text)
    PVD_IRQHandler                           0x08000243   Thumb Code     0  startup_stm32f40_41xxx.o(.text)
    RCC_IRQHandler                           0x08000243   Thumb Code     0  startup_stm32f40_41xxx.o(.text)
    RTC_Alarm_IRQHandler                     0x08000243   Thumb Code     0  startup_stm32f40_41xxx.o(.text)
    RTC_WKUP_IRQHandler                      0x08000243   Thumb Code     0  startup_stm32f40_41xxx.o(.text)
    SDIO_IRQHandler                          0x08000243   Thumb Code     0  startup_stm32f40_41xxx.o(.text)
    SPI1_IRQHandler                          0x08000243   Thumb Code     0  startup_stm32f40_41xxx.o(.text)
    SPI2_IRQHandler                          0x08000243   Thumb Code     0  startup_stm32f40_41xxx.o(.text)
    SPI3_IRQHandler                          0x08000243   Thumb Code     0  startup_stm32f40_41xxx.o(.text)
    TAMP_STAMP_IRQHandler                    0x08000243   Thumb Code     0  startup_stm32f40_41xxx.o(.text)
    TIM1_BRK_TIM9_IRQHandler                 0x08000243   Thumb Code     0  startup_stm32f40_41xxx.o(.text)
    TIM1_CC_IRQHandler                       0x08000243   Thumb Code     0  startup_stm32f40_41xxx.o(.text)
    TIM1_TRG_COM_TIM11_IRQHandler            0x08000243   Thumb Code     0  startup_stm32f40_41xxx.o(.text)
    TIM1_UP_TIM10_IRQHandler                 0x08000243   Thumb Code     0  startup_stm32f40_41xxx.o(.text)
    TIM2_IRQHandler                          0x08000243   Thumb Code     0  startup_stm32f40_41xxx.o(.text)
    TIM3_IRQHandler                          0x08000243   Thumb Code     0  startup_stm32f40_41xxx.o(.text)
    TIM4_IRQHandler                          0x08000243   Thumb Code     0  startup_stm32f40_41xxx.o(.text)
    TIM5_IRQHandler                          0x08000243   Thumb Code     0  startup_stm32f40_41xxx.o(.text)
    TIM6_DAC_IRQHandler                      0x08000243   Thumb Code     0  startup_stm32f40_41xxx.o(.text)
    TIM8_BRK_TIM12_IRQHandler                0x08000243   Thumb Code     0  startup_stm32f40_41xxx.o(.text)
    TIM8_CC_IRQHandler                       0x08000243   Thumb Code     0  startup_stm32f40_41xxx.o(.text)
    TIM8_TRG_COM_TIM14_IRQHandler            0x08000243   Thumb Code     0  startup_stm32f40_41xxx.o(.text)
    TIM8_UP_TIM13_IRQHandler                 0x08000243   Thumb Code     0  startup_stm32f40_41xxx.o(.text)
    UART4_IRQHandler                         0x08000243   Thumb Code     0  startup_stm32f40_41xxx.o(.text)
    UART5_IRQHandler                         0x08000243   Thumb Code     0  startup_stm32f40_41xxx.o(.text)
    USART1_IRQHandler                        0x08000243   Thumb Code     0  startup_stm32f40_41xxx.o(.text)
    USART3_IRQHandler                        0x08000243   Thumb Code     0  startup_stm32f40_41xxx.o(.text)
    USART6_IRQHandler                        0x08000243   Thumb Code     0  startup_stm32f40_41xxx.o(.text)
    WWDG_IRQHandler                          0x08000243   Thumb Code     0  startup_stm32f40_41xxx.o(.text)
    __user_initial_stackheap                 0x08000245   Thumb Code     0  startup_stm32f40_41xxx.o(.text)
    __use_no_semihosting                     0x08000269   Thumb Code     2  use_no_semi_2.o(.text)
    __use_two_region_memory                  0x0800026b   Thumb Code     2  heapauxi.o(.text)
    __rt_heap_escrow$2region                 0x0800026d   Thumb Code     2  heapauxi.o(.text)
    __rt_heap_expand$2region                 0x0800026f   Thumb Code     2  heapauxi.o(.text)
    __I$use$semihosting                      0x08000271   Thumb Code     0  use_no_semi.o(.text)
    __use_no_semihosting_swi                 0x08000271   Thumb Code     2  use_no_semi.o(.text)
    __user_setup_stackheap                   0x08000273   Thumb Code    74  sys_stackheap_outer.o(.text)
    exit                                     0x080002bd   Thumb Code    18  exit.o(.text)
    __user_libspace                          0x080002d1   Thumb Code     8  libspace.o(.text)
    __user_perproc_libspace                  0x080002d1   Thumb Code     0  libspace.o(.text)
    __user_perthread_libspace                0x080002d1   Thumb Code     0  libspace.o(.text)
    ABS                                      0x080002d9   Thumb Code    20  control.o(i.ABS)
    Bsp_Init                                 0x0800032d   Thumb Code    72  bsp.o(i.Bsp_Init)
    BusFault_Handler                         0x08000375   Thumb Code     4  stm32f4xx_it.o(i.BusFault_Handler)
    CAN1_Configuration                       0x08000379   Thumb Code   262  can1.o(i.CAN1_Configuration)
    CAN1_RX0_IRQHandler                      0x08000489   Thumb Code   516  can1.o(i.CAN1_RX0_IRQHandler)
    CAN1_TX_IRQHandler                       0x080006a9   Thumb Code    28  can1.o(i.CAN1_TX_IRQHandler)
    CAN_ClearITPendingBit                    0x080006cd   Thumb Code   162  stm32f4xx_can.o(i.CAN_ClearITPendingBit)
    CAN_DeInit                               0x08000775   Thumb Code    50  stm32f4xx_can.o(i.CAN_DeInit)
    CAN_FilterInit                           0x080007c9   Thumb Code   258  stm32f4xx_can.o(i.CAN_FilterInit)
    CAN_GetITStatus                          0x080008d1   Thumb Code   284  stm32f4xx_can.o(i.CAN_GetITStatus)
    CAN_ITConfig                             0x080009f1   Thumb Code    18  stm32f4xx_can.o(i.CAN_ITConfig)
    CAN_Init                                 0x08000a03   Thumb Code   276  stm32f4xx_can.o(i.CAN_Init)
    CAN_Receive                              0x08000b17   Thumb Code   240  stm32f4xx_can.o(i.CAN_Receive)
    CAN_RoboModule_DRV_Config                0x08000c09   Thumb Code   162  can1.o(i.CAN_RoboModule_DRV_Config)
    CAN_RoboModule_DRV_Current_Velocity_Mode 0x08000cb9   Thumb Code   178  can1.o(i.CAN_RoboModule_DRV_Current_Velocity_Mode)
    CAN_RoboModule_DRV_Mode_Choice           0x08000d79   Thumb Code   148  can1.o(i.CAN_RoboModule_DRV_Mode_Choice)
    CAN_RoboModule_DRV_Reset                 0x08000e19   Thumb Code   148  can1.o(i.CAN_RoboModule_DRV_Reset)
    CAN_StructInit                           0x08000eb9   Thumb Code    32  stm32f4xx_can.o(i.CAN_StructInit)
    CAN_Transmit                             0x08000ed9   Thumb Code   294  stm32f4xx_can.o(i.CAN_Transmit)
    DebugMon_Handler                         0x08001109   Thumb Code     2  stm32f4xx_it.o(i.DebugMon_Handler)
    FSMC_NORSRAMCmd                          0x0800110d   Thumb Code    46  stm32f4xx_fsmc.o(i.FSMC_NORSRAMCmd)
    FSMC_NORSRAMInit                         0x08001141   Thumb Code   230  stm32f4xx_fsmc.o(i.FSMC_NORSRAMInit)
    GPIO_Init                                0x08001227   Thumb Code   144  stm32f4xx_gpio.o(i.GPIO_Init)
    GPIO_PinAFConfig                         0x080012b7   Thumb Code    70  stm32f4xx_gpio.o(i.GPIO_PinAFConfig)
    GPIO_ResetBits                           0x080012fd   Thumb Code     4  stm32f4xx_gpio.o(i.GPIO_ResetBits)
    GPIO_SetBits                             0x08001301   Thumb Code     4  stm32f4xx_gpio.o(i.GPIO_SetBits)
    GPIO_ToggleBits                          0x08001305   Thumb Code     8  stm32f4xx_gpio.o(i.GPIO_ToggleBits)
    Get_Manual_Speed                         0x0800130d   Thumb Code   474  control.o(i.Get_Manual_Speed)
    HardFault_Handler                        0x0800150d   Thumb Code     4  stm32f4xx_it.o(i.HardFault_Handler)
    IIC_Init                                 0x08001511   Thumb Code    60  myiic.o(i.IIC_Init)
    LCD_Clear                                0x08001559   Thumb Code   100  lcd.o(i.LCD_Clear)
    LCD_Display_Dir                          0x080015c5   Thumb Code   444  lcd.o(i.LCD_Display_Dir)
    LCD_Fast_DrawPoint                       0x08001785   Thumb Code   374  lcd.o(i.LCD_Fast_DrawPoint)
    LCD_Init                                 0x08001905   Thumb Code 14668  lcd.o(i.LCD_Init)
    LCD_Pow                                  0x08005259   Thumb Code    22  lcd.o(i.LCD_Pow)
    LCD_RD_DATA                              0x08005271   Thumb Code    14  lcd.o(i.LCD_RD_DATA)
    LCD_ReadReg                              0x08005285   Thumb Code    22  lcd.o(i.LCD_ReadReg)
    LCD_SSD_BackLightSet                     0x0800529d   Thumb Code    88  lcd.o(i.LCD_SSD_BackLightSet)
    LCD_Scan_Dir                             0x080052fd   Thumb Code   744  lcd.o(i.LCD_Scan_Dir)
    LCD_SetCursor                            0x080055e9   Thumb Code   418  lcd.o(i.LCD_SetCursor)
    LCD_ShowChar                             0x08005791   Thumb Code   272  lcd.o(i.LCD_ShowChar)
    LCD_ShowNum                              0x080058b9   Thumb Code   148  lcd.o(i.LCD_ShowNum)
    LCD_ShowString                           0x0800594d   Thumb Code   102  lcd.o(i.LCD_ShowString)
    LCD_WR_DATA                              0x080059b5   Thumb Code    18  lcd.o(i.LCD_WR_DATA)
    LCD_WR_REG                               0x080059cd   Thumb Code    18  lcd.o(i.LCD_WR_REG)
    LCD_WriteRAM_Prepare                     0x080059e5   Thumb Code    10  lcd.o(i.LCD_WriteRAM_Prepare)
    LCD_WriteReg                             0x080059f9   Thumb Code    14  lcd.o(i.LCD_WriteReg)
    LED_PrintValueF                          0x08005a0d   Thumb Code   924  lcd.o(i.LED_PrintValueF)
    LED_PrintValueFP                         0x08005dad   Thumb Code   386  lcd.o(i.LED_PrintValueFP)
    MY_NVIC_Init                             0x08005f31   Thumb Code   116  sys.o(i.MY_NVIC_Init)
    MY_NVIC_PriorityGroupConfig              0x08005fa9   Thumb Code    32  sys.o(i.MY_NVIC_PriorityGroupConfig)
    MemManage_Handler                        0x08005fd1   Thumb Code     4  stm32f4xx_it.o(i.MemManage_Handler)
    MissionReady                             0x08005fd5   Thumb Code   126  task.o(i.MissionReady)
    MissionReset                             0x08006079   Thumb Code   126  task.o(i.MissionReset)
    MissionStart                             0x0800611d   Thumb Code   106  task.o(i.MissionStart)
    MissionStart2                            0x080061a9   Thumb Code   132  task.o(i.MissionStart2)
    MissionStart3                            0x08006251   Thumb Code   740  task.o(i.MissionStart3)
    MissionStart4                            0x08006595   Thumb Code   132  task.o(i.MissionStart4)
    Motor_Control                            0x080066d5   Thumb Code   154  control.o(i.Motor_Control)
    Motor_Task                               0x08006785   Thumb Code   144  task.o(i.Motor_Task)
    NMI_Handler                              0x0800681d   Thumb Code     2  stm32f4xx_it.o(i.NMI_Handler)
    NRF24L01_Check                           0x08006821   Thumb Code    92  24l01.o(i.NRF24L01_Check)
    NRF24L01_Init                            0x08006885   Thumb Code   144  24l01.o(i.NRF24L01_Init)
    NRF24L01_RX_Mode                         0x08006925   Thumb Code    76  24l01.o(i.NRF24L01_RX_Mode)
    NRF24L01_Read_Buf                        0x0800697d   Thumb Code    56  24l01.o(i.NRF24L01_Read_Buf)
    NRF24L01_Read_Reg                        0x080069b9   Thumb Code    36  24l01.o(i.NRF24L01_Read_Reg)
    NRF24L01_RxPacket                        0x080069e5   Thumb Code    58  24l01.o(i.NRF24L01_RxPacket)
    NRF24L01_SPI_Init                        0x08006a21   Thumb Code    86  24l01.o(i.NRF24L01_SPI_Init)
    NRF24L01_Write_Buf                       0x08006a7d   Thumb Code    56  24l01.o(i.NRF24L01_Write_Buf)
    NRF24L01_Write_Reg                       0x08006ab9   Thumb Code    38  24l01.o(i.NRF24L01_Write_Reg)
    NVIC_Init                                0x08006b09   Thumb Code   106  misc.o(i.NVIC_Init)
    NVIC_PriorityGroupConfig                 0x08006b81   Thumb Code    10  misc.o(i.NVIC_PriorityGroupConfig)
    PID_struct_init                          0x08006c51   Thumb Code    88  pid.o(i.PID_struct_init)
    PendSV_Handler                           0x08006cb1   Thumb Code     2  stm32f4xx_it.o(i.PendSV_Handler)
    RCC_AHB1PeriphClockCmd                   0x08006cb5   Thumb Code    26  stm32f4xx_rcc.o(i.RCC_AHB1PeriphClockCmd)
    RCC_AHB3PeriphClockCmd                   0x08006cd5   Thumb Code    26  stm32f4xx_rcc.o(i.RCC_AHB3PeriphClockCmd)
    RCC_APB1PeriphClockCmd                   0x08006cf5   Thumb Code    26  stm32f4xx_rcc.o(i.RCC_APB1PeriphClockCmd)
    RCC_APB1PeriphResetCmd                   0x08006d15   Thumb Code    26  stm32f4xx_rcc.o(i.RCC_APB1PeriphResetCmd)
    RCC_APB2PeriphClockCmd                   0x08006d35   Thumb Code    26  stm32f4xx_rcc.o(i.RCC_APB2PeriphClockCmd)
    RCC_APB2PeriphResetCmd                   0x08006d55   Thumb Code    26  stm32f4xx_rcc.o(i.RCC_APB2PeriphResetCmd)
    RCC_GetClocksFreq                        0x08006d75   Thumb Code   214  stm32f4xx_rcc.o(i.RCC_GetClocksFreq)
    ReceiveDataFormNRF                       0x08006e5d   Thumb Code   220  receivedata.o(i.ReceiveDataFormNRF)
    SPI1_Init                                0x08006f41   Thumb Code   186  spi.o(i.SPI1_Init)
    SPI1_ReadWriteByte                       0x08007005   Thumb Code    50  spi.o(i.SPI1_ReadWriteByte)
    SPI1_SetSpeed                            0x0800703d   Thumb Code    36  spi.o(i.SPI1_SetSpeed)
    SPI_Cmd                                  0x08007065   Thumb Code    24  stm32f4xx_spi.o(i.SPI_Cmd)
    SPI_I2S_GetFlagStatus                    0x0800707d   Thumb Code    18  stm32f4xx_spi.o(i.SPI_I2S_GetFlagStatus)
    SPI_I2S_ReceiveData                      0x0800708f   Thumb Code     6  stm32f4xx_spi.o(i.SPI_I2S_ReceiveData)
    SPI_I2S_SendData                         0x08007095   Thumb Code     4  stm32f4xx_spi.o(i.SPI_I2S_SendData)
    SPI_Init                                 0x08007099   Thumb Code    60  stm32f4xx_spi.o(i.SPI_Init)
    SVC_Handler                              0x080070d5   Thumb Code     2  stm32f4xx_it.o(i.SVC_Handler)
    Speed_Cal                                0x080071c5   Thumb Code   710  control.o(i.Speed_Cal)
    Speed_Cal_Lim                            0x080074cd   Thumb Code   234  control.o(i.Speed_Cal_Lim)
    SysTick_CLKSourceConfig                  0x080075c9   Thumb Code    40  misc.o(i.SysTick_CLKSourceConfig)
    SysTick_Handler                          0x080075f1   Thumb Code     2  stm32f4xx_it.o(i.SysTick_Handler)
    SystemInit                               0x080075f5   Thumb Code    88  system_stm32f4xx.o(i.SystemInit)
    TIM7_IRQHandler                          0x0800765d   Thumb Code   302  timer.o(i.TIM7_IRQHandler)
    TIM7_Int_Init                            0x080077ad   Thumb Code    72  timer.o(i.TIM7_Int_Init)
    USART2_IRQHandler                        0x080077fd   Thumb Code   386  usart.o(i.USART2_IRQHandler)
    USART2_Init                              0x080079bd   Thumb Code   170  usart.o(i.USART2_Init)
    USART_ClearFlag                          0x08007a71   Thumb Code    18  stm32f4xx_usart.o(i.USART_ClearFlag)
    USART_ClearITPendingBit                  0x08007a83   Thumb Code    30  stm32f4xx_usart.o(i.USART_ClearITPendingBit)
    USART_Cmd                                0x08007aa1   Thumb Code    24  stm32f4xx_usart.o(i.USART_Cmd)
    USART_GetFlagStatus                      0x08007ab9   Thumb Code    26  stm32f4xx_usart.o(i.USART_GetFlagStatus)
    USART_GetITStatus                        0x08007ad3   Thumb Code    84  stm32f4xx_usart.o(i.USART_GetITStatus)
    USART_ITConfig                           0x08007b27   Thumb Code    74  stm32f4xx_usart.o(i.USART_ITConfig)
    USART_Init                               0x08007b71   Thumb Code   204  stm32f4xx_usart.o(i.USART_Init)
    USART_ReceiveData                        0x08007c45   Thumb Code    10  stm32f4xx_usart.o(i.USART_ReceiveData)
    UsageFault_Handler                       0x08007c4f   Thumb Code     4  stm32f4xx_it.o(i.UsageFault_Handler)
    __hardfp_fabs                            0x08007c53   Thumb Code    20  fabs.o(i.__hardfp_fabs)
    _sys_exit                                0x08007c67   Thumb Code     6  usart.o(i._sys_exit)
    abs_limit                                0x08007c6d   Thumb Code    46  pid.o(i.abs_limit)
    arm_cos_f32                              0x08007c9d   Thumb Code   278  arm_cos_f32.o(i.arm_cos_f32)
    arm_sin_f32                              0x08007dc5   Thumb Code   278  arm_sin_f32.o(i.arm_sin_f32)
    delay_init                               0x08007eed   Thumb Code    52  delay.o(i.delay_init)
    delay_ms                                 0x08007f29   Thumb Code    56  delay.o(i.delay_ms)
    delay_us                                 0x08007f61   Thumb Code    72  delay.o(i.delay_us)
    delay_xms                                0x08007fad   Thumb Code    72  delay.o(i.delay_xms)
    main                                     0x08007ff9   Thumb Code   806  main.o(i.main)
    pid_calc                                 0x0800840d   Thumb Code   548  pid.o(i.pid_calc)
    relay_init                               0x0800867d   Thumb Code   152  relay.o(i.relay_init)
    __aeabi_dadd                             0x08008731   Thumb Code     0  daddsub_clz.o(x$fpl$dadd)
    _dadd                                    0x08008731   Thumb Code   332  daddsub_clz.o(x$fpl$dadd)
    __fpl_dcmp_Inf                           0x08008881   Thumb Code    24  dcmpi.o(x$fpl$dcmpinf)
    __aeabi_d2iz                             0x08008899   Thumb Code     0  dfix.o(x$fpl$dfix)
    _dfix                                    0x08008899   Thumb Code    94  dfix.o(x$fpl$dfix)
    __aeabi_d2uiz                            0x080088f9   Thumb Code     0  dfixu.o(x$fpl$dfixu)
    _dfixu                                   0x080088f9   Thumb Code    90  dfixu.o(x$fpl$dfixu)
    __aeabi_i2d                              0x08008953   Thumb Code     0  dflt_clz.o(x$fpl$dflt)
    _dflt                                    0x08008953   Thumb Code    46  dflt_clz.o(x$fpl$dflt)
    __aeabi_ui2d                             0x08008981   Thumb Code     0  dflt_clz.o(x$fpl$dfltu)
    _dfltu                                   0x08008981   Thumb Code    38  dflt_clz.o(x$fpl$dfltu)
    __aeabi_cdcmple                          0x080089a9   Thumb Code     0  dleqf.o(x$fpl$dleqf)
    _dcmple                                  0x080089a9   Thumb Code   120  dleqf.o(x$fpl$dleqf)
    __fpl_dcmple_InfNaN                      0x08008a0b   Thumb Code     0  dleqf.o(x$fpl$dleqf)
    __aeabi_dmul                             0x08008a21   Thumb Code     0  dmul.o(x$fpl$dmul)
    _dmul                                    0x08008a21   Thumb Code   332  dmul.o(x$fpl$dmul)
    __fpl_dnaninf                            0x08008b75   Thumb Code   156  dnaninf.o(x$fpl$dnaninf)
    __fpl_dretinf                            0x08008c11   Thumb Code    12  dretinf.o(x$fpl$dretinf)
    __aeabi_cdrcmple                         0x08008c1d   Thumb Code     0  drleqf.o(x$fpl$drleqf)
    _drcmple                                 0x08008c1d   Thumb Code   108  drleqf.o(x$fpl$drleqf)
    __aeabi_dsub                             0x08008c89   Thumb Code     0  daddsub_clz.o(x$fpl$dsub)
    _dsub                                    0x08008c89   Thumb Code   464  daddsub_clz.o(x$fpl$dsub)
    __aeabi_f2d                              0x08008e5d   Thumb Code     0  f2d.o(x$fpl$f2d)
    _f2d                                     0x08008e5d   Thumb Code    86  f2d.o(x$fpl$f2d)
    __fpl_fnaninf                            0x08008eb3   Thumb Code   140  fnaninf.o(x$fpl$fnaninf)
    _fp_init                                 0x08008f3f   Thumb Code    10  fpinit.o(x$fpl$fpinit)
    __fplib_config_fpu_vfp                   0x08008f47   Thumb Code     0  fpinit.o(x$fpl$fpinit)
    __fplib_config_pureend_doubles           0x08008f47   Thumb Code     0  fpinit.o(x$fpl$fpinit)
    TX_ADDRESS                               0x08008f48   Data           5  24l01.o(.constdata)
    __I$use$fp                               0x08008f48   Number         0  usenofp.o(x$fpl$usenofp)
    RX_ADDRESS                               0x08008f4d   Data           5  24l01.o(.constdata)
    asc2_1206                                0x08008f52   Data        1140  lcd.o(.constdata)
    asc2_1608                                0x080093c6   Data        1520  lcd.o(.constdata)
    asc2_2412                                0x080099b6   Data        3420  lcd.o(.constdata)
    Region$$Table$$Base                      0x0800af30   Number         0  anon$$obj.o(Region$$Table)
    Region$$Table$$Limit                     0x0800af50   Number         0  anon$$obj.o(Region$$Table)
    CAN_Time_Out                             0x20000000   Data           4  can1.o(.data)
    can_tx_success_flag                      0x20000004   Data           1  can1.o(.data)
    Real_Current_Value                       0x20000006   Data           8  can1.o(.data)
    Real_Velocity_Value                      0x2000000e   Data           8  can1.o(.data)
    Real_Online                              0x20000016   Data           4  can1.o(.data)
    Real_Ctl1_Value                          0x2000001a   Data           4  can1.o(.data)
    Real_Ctl2_Value                          0x2000001e   Data           4  can1.o(.data)
    X_ActPos                                 0x20000024   Data           4  allpara.o(.data)
    Y_ActPos                                 0x20000028   Data           4  allpara.o(.data)
    X_Angle                                  0x2000002c   Data           4  allpara.o(.data)
    Y_Angle                                  0x20000030   Data           4  allpara.o(.data)
    Z_Angle                                  0x20000034   Data           4  allpara.o(.data)
    X_Pos                                    0x20000038   Data           4  allpara.o(.data)
    Y_Pos                                    0x2000003c   Data           4  allpara.o(.data)
    Z_W                                      0x20000040   Data           4  allpara.o(.data)
    X_PosLast                                0x20000044   Data           4  allpara.o(.data)
    Y_PosLast                                0x20000048   Data           4  allpara.o(.data)
    Z_AngleLast                              0x2000004c   Data           4  allpara.o(.data)
    X_SetPos                                 0x20000050   Data           4  allpara.o(.data)
    Y_SetPos                                 0x20000054   Data           4  allpara.o(.data)
    TargetAngle                              0x20000058   Data           4  allpara.o(.data)
    AngleErr                                 0x2000005c   Data           4  allpara.o(.data)
    ActInitFlag                              0x20000060   Data           1  allpara.o(.data)
    Vx                                       0x20000064   Data           4  allpara.o(.data)
    Vy                                       0x20000068   Data           4  allpara.o(.data)
    Vz                                       0x2000006c   Data           4  allpara.o(.data)
    Real_Vx                                  0x20000070   Data           4  allpara.o(.data)
    Real_Vy                                  0x20000074   Data           4  allpara.o(.data)
    Real_Vz                                  0x20000078   Data           4  allpara.o(.data)
    TargetSpeed1                             0x2000007c   Data           4  allpara.o(.data)
    TargetSpeed2                             0x20000080   Data           4  allpara.o(.data)
    TargetSpeed3                             0x20000084   Data           4  allpara.o(.data)
    TargetSpeed4                             0x20000088   Data           4  allpara.o(.data)
    TargetSpeedKick                          0x2000008c   Data           4  allpara.o(.data)
    CompState                                0x20000090   Data           1  allpara.o(.data)
    Tt                                       0x20000092   Data           2  allpara.o(.data)
    T_init                                   0x20000094   Data           2  allpara.o(.data)
    Vt                                       0x20000096   Data           2  allpara.o(.data)
    Ct                                       0x20000098   Data           2  allpara.o(.data)
    POINT_COLOR                              0x2000009a   Data           2  lcd.o(.data)
    BACK_COLOR                               0x2000009c   Data           2  lcd.o(.data)
    FLY_ENABLE                               0x2000009e   Data           1  receivedata.o(.data)
    rcData                                   0x200000a0   Data          28  receivedata.o(.data)
    X_SetPos_2                               0x200000c0   Data           4  task.o(.data)
    Y_SetPos_2                               0x200000c4   Data           4  task.o(.data)
    X_ActPos_2                               0x200000c8   Data           4  task.o(.data)
    Y_ActPos_2                               0x200000cc   Data           4  task.o(.data)
    t                                        0x200000d0   Data           8  task.o(.data)
    tmpPos_x                                 0x200000e0   Data           4  usart.o(.data)
    tmpPos_y                                 0x200000e4   Data           4  usart.o(.data)
    __stdout                                 0x200000e8   Data           4  usart.o(.data)
    USART_RX_STA                             0x200000ec   Data           2  usart.o(.data)
    Real_Position_Value                      0x20000104   Data          16  can1.o(.bss)
    posx_PID                                 0x20000114   Data          76  allpara.o(.bss)
    posy_PID                                 0x20000160   Data          76  allpara.o(.bss)
    angle_PID                                0x200001ac   Data          76  allpara.o(.bss)
    posX_PID                                 0x200001f8   Data          76  allpara.o(.bss)
    posY1_PID                                0x20000244   Data          76  allpara.o(.bss)
    posY2_PID                                0x20000290   Data          76  allpara.o(.bss)
    pos_pid                                  0x200002dc   Data          12  allpara.o(.bss)
    angle_pid                                0x200002e8   Data          12  allpara.o(.bss)
    real_Vx                                  0x200002f4   Data          20  allpara.o(.bss)
    real_Vy                                  0x20000308   Data          20  allpara.o(.bss)
    real_Vz                                  0x2000031c   Data          20  allpara.o(.bss)
    tmp_buf                                  0x20000330   Data          33  allpara.o(.bss)
    lcddev                                   0x20000352   Data          14  lcd.o(.bss)
    USART_RX_BUF                             0x20000360   Data         200  usart.o(.bss)
    __libspace_start                         0x20000440   Data          96  libspace.o(.bss)
    __temporary_stack_top$libspace           0x200004a0   Data           0  libspace.o(.bss)



==============================================================================

Memory Map of the image

  Image Entry point : 0x08000189

  Load Region LR_IROM1 (Base: 0x08000000, Size: 0x0000b054, Max: 0x00100000, ABSOLUTE)

    Execution Region ER_IROM1 (Exec base: 0x08000000, Load base: 0x08000000, Size: 0x0000af50, Max: 0x00100000, ABSOLUTE)

    Exec Addr    Load Addr    Size         Type   Attr      Idx    E Section Name        Object

    0x08000000   0x08000000   0x00000188   Data   RO         1533    RESET               startup_stm32f40_41xxx.o
    0x08000188   0x08000188   0x00000008   Code   RO         3678  * !!!main             c_w.l(__main.o)
    0x08000190   0x08000190   0x00000034   Code   RO         3878    !!!scatter          c_w.l(__scatter.o)
    0x080001c4   0x080001c4   0x0000001a   Code   RO         3880    !!handler_copy      c_w.l(__scatter_copy.o)
    0x080001de   0x080001de   0x00000002   PAD
    0x080001e0   0x080001e0   0x0000001c   Code   RO         3882    !!handler_zi        c_w.l(__scatter_zi.o)
    0x080001fc   0x080001fc   0x00000002   Code   RO         3750    .ARM.Collect$$libinit$$00000000  c_w.l(libinit.o)
    0x080001fe   0x080001fe   0x00000004   Code   RO         3756    .ARM.Collect$$libinit$$00000001  c_w.l(libinit2.o)
    0x08000202   0x08000202   0x00000000   Code   RO         3759    .ARM.Collect$$libinit$$00000004  c_w.l(libinit2.o)
    0x08000202   0x08000202   0x00000000   Code   RO         3762    .ARM.Collect$$libinit$$0000000A  c_w.l(libinit2.o)
    0x08000202   0x08000202   0x00000000   Code   RO         3764    .ARM.Collect$$libinit$$0000000C  c_w.l(libinit2.o)
    0x08000202   0x08000202   0x00000000   Code   RO         3766    .ARM.Collect$$libinit$$0000000E  c_w.l(libinit2.o)
    0x08000202   0x08000202   0x00000000   Code   RO         3769    .ARM.Collect$$libinit$$00000011  c_w.l(libinit2.o)
    0x08000202   0x08000202   0x00000000   Code   RO         3771    .ARM.Collect$$libinit$$00000013  c_w.l(libinit2.o)
    0x08000202   0x08000202   0x00000000   Code   RO         3773    .ARM.Collect$$libinit$$00000015  c_w.l(libinit2.o)
    0x08000202   0x08000202   0x00000000   Code   RO         3775    .ARM.Collect$$libinit$$00000017  c_w.l(libinit2.o)
    0x08000202   0x08000202   0x00000000   Code   RO         3777    .ARM.Collect$$libinit$$00000019  c_w.l(libinit2.o)
    0x08000202   0x08000202   0x00000000   Code   RO         3779    .ARM.Collect$$libinit$$0000001B  c_w.l(libinit2.o)
    0x08000202   0x08000202   0x00000000   Code   RO         3781    .ARM.Collect$$libinit$$0000001D  c_w.l(libinit2.o)
    0x08000202   0x08000202   0x00000000   Code   RO         3783    .ARM.Collect$$libinit$$0000001F  c_w.l(libinit2.o)
    0x08000202   0x08000202   0x00000000   Code   RO         3785    .ARM.Collect$$libinit$$00000021  c_w.l(libinit2.o)
    0x08000202   0x08000202   0x00000000   Code   RO         3787    .ARM.Collect$$libinit$$00000023  c_w.l(libinit2.o)
    0x08000202   0x08000202   0x00000000   Code   RO         3789    .ARM.Collect$$libinit$$00000025  c_w.l(libinit2.o)
    0x08000202   0x08000202   0x00000000   Code   RO         3793    .ARM.Collect$$libinit$$0000002C  c_w.l(libinit2.o)
    0x08000202   0x08000202   0x00000000   Code   RO         3795    .ARM.Collect$$libinit$$0000002E  c_w.l(libinit2.o)
    0x08000202   0x08000202   0x00000000   Code   RO         3797    .ARM.Collect$$libinit$$00000030  c_w.l(libinit2.o)
    0x08000202   0x08000202   0x00000000   Code   RO         3799    .ARM.Collect$$libinit$$00000032  c_w.l(libinit2.o)
    0x08000202   0x08000202   0x00000002   Code   RO         3800    .ARM.Collect$$libinit$$00000033  c_w.l(libinit2.o)
    0x08000204   0x08000204   0x00000002   Code   RO         3818    .ARM.Collect$$libshutdown$$00000000  c_w.l(libshutdown.o)
    0x08000206   0x08000206   0x00000000   Code   RO         3828    .ARM.Collect$$libshutdown$$00000002  c_w.l(libshutdown2.o)
    0x08000206   0x08000206   0x00000000   Code   RO         3830    .ARM.Collect$$libshutdown$$00000004  c_w.l(libshutdown2.o)
    0x08000206   0x08000206   0x00000000   Code   RO         3832    .ARM.Collect$$libshutdown$$00000006  c_w.l(libshutdown2.o)
    0x08000206   0x08000206   0x00000000   Code   RO         3835    .ARM.Collect$$libshutdown$$00000009  c_w.l(libshutdown2.o)
    0x08000206   0x08000206   0x00000000   Code   RO         3838    .ARM.Collect$$libshutdown$$0000000C  c_w.l(libshutdown2.o)
    0x08000206   0x08000206   0x00000000   Code   RO         3840    .ARM.Collect$$libshutdown$$0000000E  c_w.l(libshutdown2.o)
    0x08000206   0x08000206   0x00000000   Code   RO         3843    .ARM.Collect$$libshutdown$$00000011  c_w.l(libshutdown2.o)
    0x08000206   0x08000206   0x00000002   Code   RO         3844    .ARM.Collect$$libshutdown$$00000012  c_w.l(libshutdown2.o)
    0x08000208   0x08000208   0x00000000   Code   RO         3716    .ARM.Collect$$rtentry$$00000000  c_w.l(__rtentry.o)
    0x08000208   0x08000208   0x00000000   Code   RO         3727    .ARM.Collect$$rtentry$$00000002  c_w.l(__rtentry2.o)
    0x08000208   0x08000208   0x00000006   Code   RO         3739    .ARM.Collect$$rtentry$$00000004  c_w.l(__rtentry4.o)
    0x0800020e   0x0800020e   0x00000000   Code   RO         3729    .ARM.Collect$$rtentry$$00000009  c_w.l(__rtentry2.o)
    0x0800020e   0x0800020e   0x00000004   Code   RO         3730    .ARM.Collect$$rtentry$$0000000A  c_w.l(__rtentry2.o)
    0x08000212   0x08000212   0x00000000   Code   RO         3732    .ARM.Collect$$rtentry$$0000000C  c_w.l(__rtentry2.o)
    0x08000212   0x08000212   0x00000008   Code   RO         3733    .ARM.Collect$$rtentry$$0000000D  c_w.l(__rtentry2.o)
    0x0800021a   0x0800021a   0x00000002   Code   RO         3754    .ARM.Collect$$rtexit$$00000000  c_w.l(rtexit.o)
    0x0800021c   0x0800021c   0x00000000   Code   RO         3802    .ARM.Collect$$rtexit$$00000002  c_w.l(rtexit2.o)
    0x0800021c   0x0800021c   0x00000004   Code   RO         3803    .ARM.Collect$$rtexit$$00000003  c_w.l(rtexit2.o)
    0x08000220   0x08000220   0x00000006   Code   RO         3804    .ARM.Collect$$rtexit$$00000004  c_w.l(rtexit2.o)
    0x08000226   0x08000226   0x00000002   PAD
    0x08000228   0x08000228   0x00000040   Code   RO         1534    .text               startup_stm32f40_41xxx.o
    0x08000268   0x08000268   0x00000002   Code   RO         3674    .text               c_w.l(use_no_semi_2.o)
    0x0800026a   0x0800026a   0x00000006   Code   RO         3676    .text               c_w.l(heapauxi.o)
    0x08000270   0x08000270   0x00000002   Code   RO         3714    .text               c_w.l(use_no_semi.o)
    0x08000272   0x08000272   0x0000004a   Code   RO         3741    .text               c_w.l(sys_stackheap_outer.o)
    0x080002bc   0x080002bc   0x00000012   Code   RO         3743    .text               c_w.l(exit.o)
    0x080002ce   0x080002ce   0x00000002   PAD
    0x080002d0   0x080002d0   0x00000008   Code   RO         3751    .text               c_w.l(libspace.o)
    0x080002d8   0x080002d8   0x00000014   Code   RO          399    i.ABS               control.o
    0x080002ec   0x080002ec   0x00000040   Code   RO          346    i.Beep_Init         bsp.o
    0x0800032c   0x0800032c   0x00000048   Code   RO          347    i.Bsp_Init          bsp.o
    0x08000374   0x08000374   0x00000004   Code   RO          212    i.BusFault_Handler  stm32f4xx_it.o
    0x08000378   0x08000378   0x00000110   Code   RO          446    i.CAN1_Configuration  can1.o
    0x08000488   0x08000488   0x00000220   Code   RO          447    i.CAN1_RX0_IRQHandler  can1.o
    0x080006a8   0x080006a8   0x00000024   Code   RO          448    i.CAN1_TX_IRQHandler  can1.o
    0x080006cc   0x080006cc   0x000000a8   Code   RO         2262    i.CAN_ClearITPendingBit  stm32f4xx_can.o
    0x08000774   0x08000774   0x00000038   Code   RO         2264    i.CAN_DeInit        stm32f4xx_can.o
    0x080007ac   0x080007ac   0x0000001a   Code   RO          449    i.CAN_Delay_Us      can1.o
    0x080007c6   0x080007c6   0x00000002   PAD
    0x080007c8   0x080007c8   0x00000108   Code   RO         2266    i.CAN_FilterInit    stm32f4xx_can.o
    0x080008d0   0x080008d0   0x00000120   Code   RO         2268    i.CAN_GetITStatus   stm32f4xx_can.o
    0x080009f0   0x080009f0   0x00000012   Code   RO         2272    i.CAN_ITConfig      stm32f4xx_can.o
    0x08000a02   0x08000a02   0x00000114   Code   RO         2273    i.CAN_Init          stm32f4xx_can.o
    0x08000b16   0x08000b16   0x000000f0   Code   RO         2276    i.CAN_Receive       stm32f4xx_can.o
    0x08000c06   0x08000c06   0x00000002   PAD
    0x08000c08   0x08000c08   0x000000b0   Code   RO          451    i.CAN_RoboModule_DRV_Config  can1.o
    0x08000cb8   0x08000cb8   0x000000c0   Code   RO          454    i.CAN_RoboModule_DRV_Current_Velocity_Mode  can1.o
    0x08000d78   0x08000d78   0x000000a0   Code   RO          456    i.CAN_RoboModule_DRV_Mode_Choice  can1.o
    0x08000e18   0x08000e18   0x000000a0   Code   RO          460    i.CAN_RoboModule_DRV_Reset  can1.o
    0x08000eb8   0x08000eb8   0x00000020   Code   RO         2279    i.CAN_StructInit    stm32f4xx_can.o
    0x08000ed8   0x08000ed8   0x00000126   Code   RO         2281    i.CAN_Transmit      stm32f4xx_can.o
    0x08000ffe   0x08000ffe   0x00000012   Code   RO         2284    i.CheckITStatus     stm32f4xx_can.o
    0x08001010   0x08001010   0x000000c0   Code   RO          348    i.Color_Init        bsp.o
    0x080010d0   0x080010d0   0x00000038   Code   RO          349    i.Core_Led_Init     bsp.o
    0x08001108   0x08001108   0x00000002   Code   RO          213    i.DebugMon_Handler  stm32f4xx_it.o
    0x0800110a   0x0800110a   0x00000002   PAD
    0x0800110c   0x0800110c   0x00000034   Code   RO         2996    i.FSMC_NORSRAMCmd   stm32f4xx_fsmc.o
    0x08001140   0x08001140   0x000000e6   Code   RO         2998    i.FSMC_NORSRAMInit  stm32f4xx_fsmc.o
    0x08001226   0x08001226   0x00000090   Code   RO         1585    i.GPIO_Init         stm32f4xx_gpio.o
    0x080012b6   0x080012b6   0x00000046   Code   RO         1586    i.GPIO_PinAFConfig  stm32f4xx_gpio.o
    0x080012fc   0x080012fc   0x00000004   Code   RO         1592    i.GPIO_ResetBits    stm32f4xx_gpio.o
    0x08001300   0x08001300   0x00000004   Code   RO         1593    i.GPIO_SetBits      stm32f4xx_gpio.o
    0x08001304   0x08001304   0x00000008   Code   RO         1595    i.GPIO_ToggleBits   stm32f4xx_gpio.o
    0x0800130c   0x0800130c   0x00000200   Code   RO          400    i.Get_Manual_Speed  control.o
    0x0800150c   0x0800150c   0x00000004   Code   RO          214    i.HardFault_Handler  stm32f4xx_it.o
    0x08001510   0x08001510   0x00000048   Code   RO         1189    i.IIC_Init          myiic.o
    0x08001558   0x08001558   0x0000006c   Code   RO          774    i.LCD_Clear         lcd.o
    0x080015c4   0x080015c4   0x000001c0   Code   RO          778    i.LCD_Display_Dir   lcd.o
    0x08001784   0x08001784   0x00000180   Code   RO          783    i.LCD_Fast_DrawPoint  lcd.o
    0x08001904   0x08001904   0x00003954   Code   RO          785    i.LCD_Init          lcd.o
    0x08005258   0x08005258   0x00000016   Code   RO          786    i.LCD_Pow           lcd.o
    0x0800526e   0x0800526e   0x00000002   PAD
    0x08005270   0x08005270   0x00000014   Code   RO          787    i.LCD_RD_DATA       lcd.o
    0x08005284   0x08005284   0x00000016   Code   RO          789    i.LCD_ReadReg       lcd.o
    0x0800529a   0x0800529a   0x00000002   PAD
    0x0800529c   0x0800529c   0x00000060   Code   RO          790    i.LCD_SSD_BackLightSet  lcd.o
    0x080052fc   0x080052fc   0x000002ec   Code   RO          791    i.LCD_Scan_Dir      lcd.o
    0x080055e8   0x080055e8   0x000001a8   Code   RO          792    i.LCD_SetCursor     lcd.o
    0x08005790   0x08005790   0x00000128   Code   RO          794    i.LCD_ShowChar      lcd.o
    0x080058b8   0x080058b8   0x00000094   Code   RO          795    i.LCD_ShowNum       lcd.o
    0x0800594c   0x0800594c   0x00000066   Code   RO          796    i.LCD_ShowString    lcd.o
    0x080059b2   0x080059b2   0x00000002   PAD
    0x080059b4   0x080059b4   0x00000018   Code   RO          798    i.LCD_WR_DATA       lcd.o
    0x080059cc   0x080059cc   0x00000018   Code   RO          799    i.LCD_WR_REG        lcd.o
    0x080059e4   0x080059e4   0x00000014   Code   RO          801    i.LCD_WriteRAM_Prepare  lcd.o
    0x080059f8   0x080059f8   0x00000014   Code   RO          802    i.LCD_WriteReg      lcd.o
    0x08005a0c   0x08005a0c   0x000003a0   Code   RO          804    i.LED_PrintValueF   lcd.o
    0x08005dac   0x08005dac   0x00000182   Code   RO          805    i.LED_PrintValueFP  lcd.o
    0x08005f2e   0x08005f2e   0x00000002   PAD
    0x08005f30   0x08005f30   0x00000078   Code   RO         1388    i.MY_NVIC_Init      sys.o
    0x08005fa8   0x08005fa8   0x00000028   Code   RO         1389    i.MY_NVIC_PriorityGroupConfig  sys.o
    0x08005fd0   0x08005fd0   0x00000004   Code   RO          215    i.MemManage_Handler  stm32f4xx_it.o
    0x08005fd4   0x08005fd4   0x000000a4   Code   RO         1033    i.MissionReady      task.o
    0x08006078   0x08006078   0x000000a4   Code   RO         1034    i.MissionReset      task.o
    0x0800611c   0x0800611c   0x0000008c   Code   RO         1035    i.MissionStart      task.o
    0x080061a8   0x080061a8   0x000000a8   Code   RO         1036    i.MissionStart2     task.o
    0x08006250   0x08006250   0x00000344   Code   RO         1037    i.MissionStart3     task.o
    0x08006594   0x08006594   0x000000a8   Code   RO         1038    i.MissionStart4     task.o
    0x0800663c   0x0800663c   0x00000096   Code   RO          350    i.Motor_CAN_Init    bsp.o
    0x080066d2   0x080066d2   0x00000002   PAD
    0x080066d4   0x080066d4   0x000000b0   Code   RO          401    i.Motor_Control     control.o
    0x08006784   0x08006784   0x00000098   Code   RO         1039    i.Motor_Task        task.o
    0x0800681c   0x0800681c   0x00000002   Code   RO          216    i.NMI_Handler       stm32f4xx_it.o
    0x0800681e   0x0800681e   0x00000002   PAD
    0x08006820   0x08006820   0x00000064   Code   RO          652    i.NRF24L01_Check    24l01.o
    0x08006884   0x08006884   0x000000a0   Code   RO          653    i.NRF24L01_Init     24l01.o
    0x08006924   0x08006924   0x00000058   Code   RO          654    i.NRF24L01_RX_Mode  24l01.o
    0x0800697c   0x0800697c   0x0000003c   Code   RO          655    i.NRF24L01_Read_Buf  24l01.o
    0x080069b8   0x080069b8   0x0000002c   Code   RO          656    i.NRF24L01_Read_Reg  24l01.o
    0x080069e4   0x080069e4   0x0000003a   Code   RO          657    i.NRF24L01_RxPacket  24l01.o
    0x08006a1e   0x08006a1e   0x00000002   PAD
    0x08006a20   0x08006a20   0x0000005c   Code   RO          658    i.NRF24L01_SPI_Init  24l01.o
    0x08006a7c   0x08006a7c   0x0000003c   Code   RO          661    i.NRF24L01_Write_Buf  24l01.o
    0x08006ab8   0x08006ab8   0x00000030   Code   RO          662    i.NRF24L01_Write_Reg  24l01.o
    0x08006ae8   0x08006ae8   0x0000001e   Code   RO          351    i.NRF_Init          bsp.o
    0x08006b06   0x08006b06   0x00000002   PAD
    0x08006b08   0x08006b08   0x00000078   Code   RO         1540    i.NVIC_Init         misc.o
    0x08006b80   0x08006b80   0x00000014   Code   RO         1541    i.NVIC_PriorityGroupConfig  misc.o
    0x08006b94   0x08006b94   0x000000bc   Code   RO          352    i.PID_Struct_All_Init  bsp.o
    0x08006c50   0x08006c50   0x00000060   Code   RO         1250    i.PID_struct_init   pid.o
    0x08006cb0   0x08006cb0   0x00000002   Code   RO          217    i.PendSV_Handler    stm32f4xx_it.o
    0x08006cb2   0x08006cb2   0x00000002   PAD
    0x08006cb4   0x08006cb4   0x00000020   Code   RO         1682    i.RCC_AHB1PeriphClockCmd  stm32f4xx_rcc.o
    0x08006cd4   0x08006cd4   0x00000020   Code   RO         1688    i.RCC_AHB3PeriphClockCmd  stm32f4xx_rcc.o
    0x08006cf4   0x08006cf4   0x00000020   Code   RO         1691    i.RCC_APB1PeriphClockCmd  stm32f4xx_rcc.o
    0x08006d14   0x08006d14   0x00000020   Code   RO         1693    i.RCC_APB1PeriphResetCmd  stm32f4xx_rcc.o
    0x08006d34   0x08006d34   0x00000020   Code   RO         1694    i.RCC_APB2PeriphClockCmd  stm32f4xx_rcc.o
    0x08006d54   0x08006d54   0x00000020   Code   RO         1696    i.RCC_APB2PeriphResetCmd  stm32f4xx_rcc.o
    0x08006d74   0x08006d74   0x000000e8   Code   RO         1703    i.RCC_GetClocksFreq  stm32f4xx_rcc.o
    0x08006e5c   0x08006e5c   0x000000e4   Code   RO         1006    i.ReceiveDataFormNRF  receivedata.o
    0x08006f40   0x08006f40   0x000000c4   Code   RO          741    i.SPI1_Init         spi.o
    0x08007004   0x08007004   0x00000038   Code   RO          742    i.SPI1_ReadWriteByte  spi.o
    0x0800703c   0x0800703c   0x00000028   Code   RO          743    i.SPI1_SetSpeed     spi.o
    0x08007064   0x08007064   0x00000018   Code   RO         3466    i.SPI_Cmd           stm32f4xx_spi.o
    0x0800707c   0x0800707c   0x00000012   Code   RO         3474    i.SPI_I2S_GetFlagStatus  stm32f4xx_spi.o
    0x0800708e   0x0800708e   0x00000006   Code   RO         3477    i.SPI_I2S_ReceiveData  stm32f4xx_spi.o
    0x08007094   0x08007094   0x00000004   Code   RO         3478    i.SPI_I2S_SendData  stm32f4xx_spi.o
    0x08007098   0x08007098   0x0000003c   Code   RO         3479    i.SPI_Init          stm32f4xx_spi.o
    0x080070d4   0x080070d4   0x00000002   Code   RO          218    i.SVC_Handler       stm32f4xx_it.o
    0x080070d6   0x080070d6   0x00000002   PAD
    0x080070d8   0x080070d8   0x000000ec   Code   RO          309    i.SetSysClock       system_stm32f4xx.o
    0x080071c4   0x080071c4   0x00000308   Code   RO          402    i.Speed_Cal         control.o
    0x080074cc   0x080074cc   0x000000fc   Code   RO          403    i.Speed_Cal_Lim     control.o
    0x080075c8   0x080075c8   0x00000028   Code   RO         1544    i.SysTick_CLKSourceConfig  misc.o
    0x080075f0   0x080075f0   0x00000002   Code   RO          219    i.SysTick_Handler   stm32f4xx_it.o
    0x080075f2   0x080075f2   0x00000002   PAD
    0x080075f4   0x080075f4   0x00000068   Code   RO          311    i.SystemInit        system_stm32f4xx.o
    0x0800765c   0x0800765c   0x00000150   Code   RO          597    i.TIM7_IRQHandler   timer.o
    0x080077ac   0x080077ac   0x00000050   Code   RO          598    i.TIM7_Int_Init     timer.o
    0x080077fc   0x080077fc   0x000001c0   Code   RO         1479    i.USART2_IRQHandler  usart.o
    0x080079bc   0x080079bc   0x000000b4   Code   RO         1480    i.USART2_Init       usart.o
    0x08007a70   0x08007a70   0x00000012   Code   RO         2072    i.USART_ClearFlag   stm32f4xx_usart.o
    0x08007a82   0x08007a82   0x0000001e   Code   RO         2073    i.USART_ClearITPendingBit  stm32f4xx_usart.o
    0x08007aa0   0x08007aa0   0x00000018   Code   RO         2076    i.USART_Cmd         stm32f4xx_usart.o
    0x08007ab8   0x08007ab8   0x0000001a   Code   RO         2079    i.USART_GetFlagStatus  stm32f4xx_usart.o
    0x08007ad2   0x08007ad2   0x00000054   Code   RO         2080    i.USART_GetITStatus  stm32f4xx_usart.o
    0x08007b26   0x08007b26   0x0000004a   Code   RO         2082    i.USART_ITConfig    stm32f4xx_usart.o
    0x08007b70   0x08007b70   0x000000d4   Code   RO         2083    i.USART_Init        stm32f4xx_usart.o
    0x08007c44   0x08007c44   0x0000000a   Code   RO         2090    i.USART_ReceiveData  stm32f4xx_usart.o
    0x08007c4e   0x08007c4e   0x00000004   Code   RO          220    i.UsageFault_Handler  stm32f4xx_it.o
    0x08007c52   0x08007c52   0x00000014   Code   RO         3708    i.__hardfp_fabs     m_wm.l(fabs.o)
    0x08007c66   0x08007c66   0x00000006   Code   RO         1481    i._sys_exit         usart.o
    0x08007c6c   0x08007c6c   0x0000002e   Code   RO         1251    i.abs_limit         pid.o
    0x08007c9a   0x08007c9a   0x00000002   PAD
    0x08007c9c   0x08007c9c   0x00000128   Code   RO         3624    i.arm_cos_f32       arm_cos_f32.o
    0x08007dc4   0x08007dc4   0x00000128   Code   RO         3652    i.arm_sin_f32       arm_sin_f32.o
    0x08007eec   0x08007eec   0x0000003c   Code   RO         1342    i.delay_init        delay.o
    0x08007f28   0x08007f28   0x00000038   Code   RO         1343    i.delay_ms          delay.o
    0x08007f60   0x08007f60   0x0000004c   Code   RO         1344    i.delay_us          delay.o
    0x08007fac   0x08007fac   0x0000004c   Code   RO         1345    i.delay_xms         delay.o
    0x08007ff8   0x08007ff8   0x00000414   Code   RO            3    i.main              main.o
    0x0800840c   0x0800840c   0x00000228   Code   RO         1252    i.pid_calc          pid.o
    0x08008634   0x08008634   0x00000014   Code   RO         1253    i.pid_param_init    pid.o
    0x08008648   0x08008648   0x00000034   Code   RO         1254    i.pid_reset         pid.o
    0x0800867c   0x0800867c   0x000000b4   Code   RO         1093    i.relay_init        relay.o
    0x08008730   0x08008730   0x00000150   Code   RO         3680    x$fpl$dadd          fz_wm.l(daddsub_clz.o)
    0x08008880   0x08008880   0x00000018   Code   RO         3717    x$fpl$dcmpinf       fz_wm.l(dcmpi.o)
    0x08008898   0x08008898   0x0000005e   Code   RO         3686    x$fpl$dfix          fz_wm.l(dfix.o)
    0x080088f6   0x080088f6   0x00000002   PAD
    0x080088f8   0x080088f8   0x0000005a   Code   RO         3690    x$fpl$dfixu         fz_wm.l(dfixu.o)
    0x08008952   0x08008952   0x0000002e   Code   RO         3695    x$fpl$dflt          fz_wm.l(dflt_clz.o)
    0x08008980   0x08008980   0x00000026   Code   RO         3694    x$fpl$dfltu         fz_wm.l(dflt_clz.o)
    0x080089a6   0x080089a6   0x00000002   PAD
    0x080089a8   0x080089a8   0x00000078   Code   RO         3700    x$fpl$dleqf         fz_wm.l(dleqf.o)
    0x08008a20   0x08008a20   0x00000154   Code   RO         3702    x$fpl$dmul          fz_wm.l(dmul.o)
    0x08008b74   0x08008b74   0x0000009c   Code   RO         3719    x$fpl$dnaninf       fz_wm.l(dnaninf.o)
    0x08008c10   0x08008c10   0x0000000c   Code   RO         3721    x$fpl$dretinf       fz_wm.l(dretinf.o)
    0x08008c1c   0x08008c1c   0x0000006c   Code   RO         3704    x$fpl$drleqf        fz_wm.l(drleqf.o)
    0x08008c88   0x08008c88   0x000001d4   Code   RO         3682    x$fpl$dsub          fz_wm.l(daddsub_clz.o)
    0x08008e5c   0x08008e5c   0x00000056   Code   RO         3706    x$fpl$f2d           fz_wm.l(f2d.o)
    0x08008eb2   0x08008eb2   0x0000008c   Code   RO         3723    x$fpl$fnaninf       fz_wm.l(fnaninf.o)
    0x08008f3e   0x08008f3e   0x0000000a   Code   RO         3810    x$fpl$fpinit        fz_wm.l(fpinit.o)
    0x08008f48   0x08008f48   0x00000000   Code   RO         3725    x$fpl$usenofp       fz_wm.l(usenofp.o)
    0x08008f48   0x08008f48   0x0000000a   Data   RO          663    .constdata          24l01.o
    0x08008f52   0x08008f52   0x000017c0   Data   RO          808    .constdata          lcd.o
    0x0800a712   0x0800a712   0x00000002   PAD
    0x0800a714   0x0800a714   0x00000410   Data   RO         3625    .constdata          arm_cos_f32.o
    0x0800ab24   0x0800ab24   0x0000040c   Data   RO         3653    .constdata          arm_sin_f32.o
    0x0800af30   0x0800af30   0x00000020   Data   RO         3876    Region$$Table       anon$$obj.o


    Execution Region RW_IRAM1 (Exec base: 0x20000000, Load base: 0x0800af50, Size: 0x00000aa0, Max: 0x00020000, ABSOLUTE)

    Exec Addr    Load Addr    Size         Type   Attr      Idx    E Section Name        Object

    0x20000000   0x0800af50   0x00000022   Data   RW          464    .data               can1.o
    0x20000022   0x0800af72   0x00000002   PAD
    0x20000024   0x0800af74   0x00000076   Data   RW          625    .data               allpara.o
    0x2000009a   0x0800afea   0x00000004   Data   RW          809    .data               lcd.o
    0x2000009e   0x0800afee   0x0000001e   Data   RW         1007    .data               receivedata.o
    0x200000bc   0x0800b00c   0x00000004   PAD
    0x200000c0   0x0800b010   0x00000019   Data   RW         1040    .data               task.o
    0x200000d9   0x0800b029   0x00000001   PAD
    0x200000da   0x0800b02a   0x00000004   Data   RW         1346    .data               delay.o
    0x200000de   0x0800b02e   0x00000002   PAD
    0x200000e0   0x0800b030   0x00000011   Data   RW         1484    .data               usart.o
    0x200000f1   0x0800b041   0x00000010   Data   RW         1735    .data               stm32f4xx_rcc.o
    0x20000101   0x0800b051   0x00000003   PAD
    0x20000104        -       0x00000010   Zero   RW          463    .bss                can1.o
    0x20000114        -       0x0000023d   Zero   RW          624    .bss                allpara.o
    0x20000351   0x0800b051   0x00000001   PAD
    0x20000352        -       0x0000000e   Zero   RW          807    .bss                lcd.o
    0x20000360        -       0x000000e0   Zero   RW         1483    .bss                usart.o
    0x20000440        -       0x00000060   Zero   RW         3752    .bss                c_w.l(libspace.o)
    0x200004a0        -       0x00000200   Zero   RW         1532    HEAP                startup_stm32f40_41xxx.o
    0x200006a0        -       0x00000400   Zero   RW         1531    STACK               startup_stm32f40_41xxx.o


==============================================================================

Image component sizes


      Code (inc. data)   RO Data    RW Data    ZI Data      Debug   Object Name

       710         68         10          0          0       6414   24l01.o
         0          0          0        118        573       3499   allpara.o
       296         18       1040          0          0       1678   arm_cos_f32.o
       296         18       1036          0          0       1678   arm_sin_f32.o
       752         54          0          0          0       3483   bsp.o
      1566         98          0         34         16       7369   can1.o
      1736        144          0          0          0       3985   control.o
       268         16          0          4          0       2447   delay.o
     18896        198       6080          4         14      24408   lcd.o
      1044        238          0          0          0     301003   main.o
       180         24          0          0          0       2009   misc.o
        72         12          0          0          0        523   myiic.o
       766         18          0          0          0       4613   pid.o
       228          8          0         30          0       1297   receivedata.o
       180         28          0          0          0        597   relay.o
       292         20          0          0          0       1781   spi.o
        64         26        392          0       1536        828   startup_stm32f40_41xxx.o
      1654         22          0          0          0       7356   stm32f4xx_can.o
       282          6          0          0          0       1773   stm32f4xx_fsmc.o
       230          0          0          0          0       3333   stm32f4xx_gpio.o
        26          0          0          0          0       3918   stm32f4xx_it.o
       424         54          0         16          0       6234   stm32f4xx_rcc.o
       112          0          0          0          0       3390   stm32f4xx_spi.o
       478          8          0          0          0       6000   stm32f4xx_usart.o
       160         12          0          0          0       1313   sys.o
       340         32          0          0          0       1425   system_stm32f4xx.o
      1792        292          0         25          0       4226   task.o
       416         42          0          0          0       1258   timer.o
       634         78          0         17        224       4012   usart.o

    ----------------------------------------------------------------------
     33924       1534       8592        260       2364     411850   Object Totals
         0          0         32          0          0          0   (incl. Generated)
        30          0          2         12          1          0   (incl. Padding)

    ----------------------------------------------------------------------

      Code (inc. data)   RO Data    RW Data    ZI Data      Debug   Library Member Name

         8          0          0          0          0         68   __main.o
         0          0          0          0          0          0   __rtentry.o
        12          0          0          0          0          0   __rtentry2.o
         6          0          0          0          0          0   __rtentry4.o
        52          8          0          0          0          0   __scatter.o
        26          0          0          0          0          0   __scatter_copy.o
        28          0          0          0          0          0   __scatter_zi.o
        18          0          0          0          0         80   exit.o
         6          0          0          0          0        152   heapauxi.o
         2          0          0          0          0          0   libinit.o
         6          0          0          0          0          0   libinit2.o
         2          0          0          0          0          0   libshutdown.o
         2          0          0          0          0          0   libshutdown2.o
         8          4          0          0         96         68   libspace.o
         2          0          0          0          0          0   rtexit.o
        10          0          0          0          0          0   rtexit2.o
        74          0          0          0          0         80   sys_stackheap_outer.o
         2          0          0          0          0         68   use_no_semi.o
         2          0          0          0          0         68   use_no_semi_2.o
       804         16          0          0          0        368   daddsub_clz.o
        24          0          0          0          0        116   dcmpi.o
        94          4          0          0          0        140   dfix.o
        90          4          0          0          0        140   dfixu.o
        84          0          0          0          0        232   dflt_clz.o
       120          4          0          0          0        140   dleqf.o
       340         12          0          0          0        152   dmul.o
       156          4          0          0          0        140   dnaninf.o
        12          0          0          0          0        116   dretinf.o
       108          0          0          0          0        128   drleqf.o
        86          4          0          0          0        132   f2d.o
       140          4          0          0          0        132   fnaninf.o
        10          0          0          0          0        116   fpinit.o
         0          0          0          0          0          0   usenofp.o
        20          0          0          0          0        124   fabs.o

    ----------------------------------------------------------------------
      2364         64          0          0         96       2760   Library Totals
        10          0          0          0          0          0   (incl. Padding)

    ----------------------------------------------------------------------

      Code (inc. data)   RO Data    RW Data    ZI Data      Debug   Library Name

       266         12          0          0         96        584   c_w.l
      2068         52          0          0          0       2052   fz_wm.l
        20          0          0          0          0        124   m_wm.l

    ----------------------------------------------------------------------
      2364         64          0          0         96       2760   Library Totals

    ----------------------------------------------------------------------

==============================================================================


      Code (inc. data)   RO Data    RW Data    ZI Data      Debug   

     36288       1598       8592        260       2460     400754   Grand Totals
     36288       1598       8592        260       2460     400754   ELF Image Totals
     36288       1598       8592        260          0          0   ROM Totals

==============================================================================

    Total RO  Size (Code + RO Data)                44880 (  43.83kB)
    Total RW  Size (RW Data + ZI Data)              2720 (   2.66kB)
    Total ROM Size (Code + RO Data + RW Data)      45140 (  44.08kB)

==============================================================================

